Archive member included to satisfy reference by file (symbol)

C:/ST/STM32CubeCLT_1.16.0/GNU-tools-for-STM32/bin/../lib/gcc/arm-none-eabi/12.3.1/../../../../arm-none-eabi/lib/thumb/v7e-m+fp/hard\libc_nano.a(libc_a-exit.o)
                              C:/ST/STM32CubeCLT_1.16.0/GNU-tools-for-STM32/bin/../lib/gcc/arm-none-eabi/12.3.1/../../../../arm-none-eabi/lib/thumb/v7e-m+fp/hard/crt0.o (exit)
C:/ST/STM32CubeCLT_1.16.0/GNU-tools-for-STM32/bin/../lib/gcc/arm-none-eabi/12.3.1/../../../../arm-none-eabi/lib/thumb/v7e-m+fp/hard\libc_nano.a(libc_a-findfp.o)
                              C:/ST/STM32CubeCLT_1.16.0/GNU-tools-for-STM32/bin/../lib/gcc/arm-none-eabi/12.3.1/../../../../arm-none-eabi/lib/thumb/v7e-m+fp/hard\libc_nano.a(libc_a-exit.o) (__stdio_exit_handler)
C:/ST/STM32CubeCLT_1.16.0/GNU-tools-for-STM32/bin/../lib/gcc/arm-none-eabi/12.3.1/../../../../arm-none-eabi/lib/thumb/v7e-m+fp/hard\libc_nano.a(libc_a-fwalk.o)
                              C:/ST/STM32CubeCLT_1.16.0/GNU-tools-for-STM32/bin/../lib/gcc/arm-none-eabi/12.3.1/../../../../arm-none-eabi/lib/thumb/v7e-m+fp/hard\libc_nano.a(libc_a-findfp.o) (_fwalk_sglue)
C:/ST/STM32CubeCLT_1.16.0/GNU-tools-for-STM32/bin/../lib/gcc/arm-none-eabi/12.3.1/../../../../arm-none-eabi/lib/thumb/v7e-m+fp/hard\libc_nano.a(libc_a-stdio.o)
                              C:/ST/STM32CubeCLT_1.16.0/GNU-tools-for-STM32/bin/../lib/gcc/arm-none-eabi/12.3.1/../../../../arm-none-eabi/lib/thumb/v7e-m+fp/hard\libc_nano.a(libc_a-findfp.o) (__sread)
C:/ST/STM32CubeCLT_1.16.0/GNU-tools-for-STM32/bin/../lib/gcc/arm-none-eabi/12.3.1/../../../../arm-none-eabi/lib/thumb/v7e-m+fp/hard\libc_nano.a(libc_a-memset.o)
                              C:/ST/STM32CubeCLT_1.16.0/GNU-tools-for-STM32/bin/../lib/gcc/arm-none-eabi/12.3.1/../../../../arm-none-eabi/lib/thumb/v7e-m+fp/hard/crt0.o (memset)
C:/ST/STM32CubeCLT_1.16.0/GNU-tools-for-STM32/bin/../lib/gcc/arm-none-eabi/12.3.1/../../../../arm-none-eabi/lib/thumb/v7e-m+fp/hard\libc_nano.a(libc_a-closer.o)
                              C:/ST/STM32CubeCLT_1.16.0/GNU-tools-for-STM32/bin/../lib/gcc/arm-none-eabi/12.3.1/../../../../arm-none-eabi/lib/thumb/v7e-m+fp/hard\libc_nano.a(libc_a-stdio.o) (_close_r)
C:/ST/STM32CubeCLT_1.16.0/GNU-tools-for-STM32/bin/../lib/gcc/arm-none-eabi/12.3.1/../../../../arm-none-eabi/lib/thumb/v7e-m+fp/hard\libc_nano.a(libc_a-reent.o)
                              C:/ST/STM32CubeCLT_1.16.0/GNU-tools-for-STM32/bin/../lib/gcc/arm-none-eabi/12.3.1/../../../../arm-none-eabi/lib/thumb/v7e-m+fp/hard\libc_nano.a(libc_a-closer.o) (errno)
C:/ST/STM32CubeCLT_1.16.0/GNU-tools-for-STM32/bin/../lib/gcc/arm-none-eabi/12.3.1/../../../../arm-none-eabi/lib/thumb/v7e-m+fp/hard\libc_nano.a(libc_a-impure.o)
                              C:/ST/STM32CubeCLT_1.16.0/GNU-tools-for-STM32/bin/../lib/gcc/arm-none-eabi/12.3.1/../../../../arm-none-eabi/lib/thumb/v7e-m+fp/hard\libc_nano.a(libc_a-reent.o) (_impure_ptr)
C:/ST/STM32CubeCLT_1.16.0/GNU-tools-for-STM32/bin/../lib/gcc/arm-none-eabi/12.3.1/../../../../arm-none-eabi/lib/thumb/v7e-m+fp/hard\libc_nano.a(libc_a-lseekr.o)
                              C:/ST/STM32CubeCLT_1.16.0/GNU-tools-for-STM32/bin/../lib/gcc/arm-none-eabi/12.3.1/../../../../arm-none-eabi/lib/thumb/v7e-m+fp/hard\libc_nano.a(libc_a-stdio.o) (_lseek_r)
C:/ST/STM32CubeCLT_1.16.0/GNU-tools-for-STM32/bin/../lib/gcc/arm-none-eabi/12.3.1/../../../../arm-none-eabi/lib/thumb/v7e-m+fp/hard\libc_nano.a(libc_a-readr.o)
                              C:/ST/STM32CubeCLT_1.16.0/GNU-tools-for-STM32/bin/../lib/gcc/arm-none-eabi/12.3.1/../../../../arm-none-eabi/lib/thumb/v7e-m+fp/hard\libc_nano.a(libc_a-stdio.o) (_read_r)
C:/ST/STM32CubeCLT_1.16.0/GNU-tools-for-STM32/bin/../lib/gcc/arm-none-eabi/12.3.1/../../../../arm-none-eabi/lib/thumb/v7e-m+fp/hard\libc_nano.a(libc_a-writer.o)
                              C:/ST/STM32CubeCLT_1.16.0/GNU-tools-for-STM32/bin/../lib/gcc/arm-none-eabi/12.3.1/../../../../arm-none-eabi/lib/thumb/v7e-m+fp/hard\libc_nano.a(libc_a-stdio.o) (_write_r)
C:/ST/STM32CubeCLT_1.16.0/GNU-tools-for-STM32/bin/../lib/gcc/arm-none-eabi/12.3.1/../../../../arm-none-eabi/lib/thumb/v7e-m+fp/hard\libc_nano.a(libc_a-init.o)
                              C:/ST/STM32CubeCLT_1.16.0/GNU-tools-for-STM32/bin/../lib/gcc/arm-none-eabi/12.3.1/../../../../arm-none-eabi/lib/thumb/v7e-m+fp/hard/crt0.o (__libc_init_array)
C:/ST/STM32CubeCLT_1.16.0/GNU-tools-for-STM32/bin/../lib/gcc/arm-none-eabi/12.3.1/../../../../arm-none-eabi/lib/thumb/v7e-m+fp/hard\libc_nano.a(libc_a-lock.o)
                              C:/ST/STM32CubeCLT_1.16.0/GNU-tools-for-STM32/bin/../lib/gcc/arm-none-eabi/12.3.1/../../../../arm-none-eabi/lib/thumb/v7e-m+fp/hard\libc_nano.a(libc_a-findfp.o) (__retarget_lock_init_recursive)
C:/ST/STM32CubeCLT_1.16.0/GNU-tools-for-STM32/bin/../lib/gcc/arm-none-eabi/12.3.1/../../../../arm-none-eabi/lib/thumb/v7e-m+fp/hard\libc_nano.a(libc_a-freer.o)
[...]
Memory Configuration

Name             Origin             Length             Attributes
RAM              0x20000000         0x00020000         xrw
FLASH            0x08000000         0x00080000         xr
*default*        0x00000000         0xffffffff

Linker script and memory map

LOAD C:/ST/STM32CubeCLT_1.16.0/GNU-tools-for-STM32/bin/../lib/gcc/arm-none-eabi/12.3.1/thumb/v7e-m+fp/hard/crti.o
LOAD C:/ST/STM32CubeCLT_1.16.0/GNU-tools-for-STM32/bin/../lib/gcc/arm-none-eabi/12.3.1/thumb/v7e-m+fp/hard/crtbegin.o
LOAD C:/ST/STM32CubeCLT_1.16.0/GNU-tools-for-STM32/bin/../lib/gcc/arm-none-eabi/12.3.1/../../../../arm-none-eabi/lib/thumb/v7e-m+fp/hard/crt0.o
START GROUP
LOAD C:/ST/STM32CubeCLT_1.16.0/GNU-tools-for-STM32/bin/../lib/gcc/arm-none-eabi/12.3.1/../../../../arm-none-eabi/lib/thumb/v7e-m+fp/hard\libc_nano.a
LOAD C:/ST/STM32CubeCLT_1.16.0/GNU-tools-for-STM32/bin/../lib/gcc/arm-none-eabi/12.3.1/../../../../arm-none-eabi/lib/thumb/v7e-m+fp/hard\libm.a
END GROUP
LOAD CMakeFiles/TIM10RTOS.dir/Core/Src/main.c.obj
LOAD CMakeFiles/TIM10RTOS.dir/Core/Src/freertos.c.obj
LOAD CMakeFiles/TIM10RTOS.dir/Core/Src/stm32f4xx_it.c.obj
LOAD CMakeFiles/TIM10RTOS.dir/Core/Src/stm32f4xx_hal_msp.c.obj
LOAD CMakeFiles/TIM10RTOS.dir/Core/Src/stm32f4xx_hal_timebase_tim.c.obj
LOAD CMakeFiles/TIM10RTOS.dir/Drivers/STM32F4xx_HAL_Driver/Src/stm32f4xx_hal_adc.c.obj
LOAD CMakeFiles/TIM10RTOS.dir/Drivers/STM32F4xx_HAL_Driver/Src/stm32f4xx_hal_adc_ex.c.obj
LOAD CMakeFiles/TIM10RTOS.dir/Drivers/STM32F4xx_HAL_Driver/Src/stm32f4xx_ll_adc.c.obj
LOAD CMakeFiles/TIM10RTOS.dir/Drivers/STM32F4xx_HAL_Driver/Src/stm32f4xx_hal_rcc.c.obj
LOAD CMakeFiles/TIM10RTOS.dir/Drivers/STM32F4xx_HAL_Driver/Src/stm32f4xx_hal_rcc_ex.c.obj
LOAD CMakeFiles/TIM10RTOS.dir/Drivers/STM32F4xx_HAL_Driver/Src/stm32f4xx_hal_flash.c.obj
LOAD CMakeFiles/TIM10RTOS.dir/Drivers/STM32F4xx_HAL_Driver/Src/stm32f4xx_hal_flash_ex.c.obj
LOAD CMakeFiles/TIM10RTOS.dir/Drivers/STM32F4xx_HAL_Driver/Src/stm32f4xx_hal_flash_ramfunc.c.obj
LOAD CMakeFiles/TIM10RTOS.dir/Drivers/STM32F4xx_HAL_Driver/Src/stm32f4xx_hal_gpio.c.obj
LOAD CMakeFiles/TIM10RTOS.dir/Drivers/STM32F4xx_HAL_Driver/Src/stm32f4xx_hal_dma_ex.c.obj
LOAD CMakeFiles/TIM10RTOS.dir/Drivers/STM32F4xx_HAL_Driver/Src/stm32f4xx_hal_dma.c.obj
LOAD CMakeFiles/TIM10RTOS.dir/Drivers/STM32F4xx_HAL_Driver/Src/stm32f4xx_hal_pwr.c.obj
LOAD CMakeFiles/TIM10RTOS.dir/Drivers/STM32F4xx_HAL_Driver/Src/stm32f4xx_hal_pwr_ex.c.obj
LOAD CMakeFiles/TIM10RTOS.dir/Drivers/STM32F4xx_HAL_Driver/Src/stm32f4xx_hal_cortex.c.obj
LOAD CMakeFiles/TIM10RTOS.dir/Drivers/STM32F4xx_HAL_Driver/Src/stm32f4xx_hal.c.obj
LOAD CMakeFiles/TIM10RTOS.dir/Drivers/STM32F4xx_HAL_Driver/Src/stm32f4xx_hal_exti.c.obj
LOAD CMakeFiles/TIM10RTOS.dir/Drivers/STM32F4xx_HAL_Driver/Src/stm32f4xx_hal_tim.c.obj
LOAD CMakeFiles/TIM10RTOS.dir/Drivers/STM32F4xx_HAL_Driver/Src/stm32f4xx_hal_tim_ex.c.obj
LOAD CMakeFiles/TIM10RTOS.dir/Core/Src/system_stm32f4xx.c.obj
LOAD CMakeFiles/TIM10RTOS.dir/Middlewares/Third_Party/FreeRTOS/Source/croutine.c.obj
LOAD CMakeFiles/TIM10RTOS.dir/Middlewares/Third_Party/FreeRTOS/Source/event_groups.c.obj
LOAD CMakeFiles/TIM10RTOS.dir/Middlewares/Third_Party/FreeRTOS/Source/list.c.obj
LOAD CMakeFiles/TIM10RTOS.dir/Middlewares/Third_Party/FreeRTOS/Source/queue.c.obj
LOAD CMakeFiles/TIM10RTOS.dir/Middlewares/Third_Party/FreeRTOS/Source/stream_buffer.c.obj
LOAD CMakeFiles/TIM10RTOS.dir/Middlewares/Third_Party/FreeRTOS/Source/tasks.c.obj
LOAD CMakeFiles/TIM10RTOS.dir/Middlewares/Third_Party/FreeRTOS/Source/timers.c.obj
LOAD CMakeFiles/TIM10RTOS.dir/Middlewares/Third_Party/FreeRTOS/Source/CMSIS_RTOS_V2/cmsis_os2.c.obj
LOAD CMakeFiles/TIM10RTOS.dir/Middlewares/Third_Party/FreeRTOS/Source/portable/MemMang/heap_4.c.obj
LOAD CMakeFiles/TIM10RTOS.dir/Middlewares/Third_Party/FreeRTOS/Source/portable/GCC/ARM_CM4F/port.c.obj
LOAD CMakeFiles/TIM10RTOS.dir/Core/Src/sysmem.c.obj
LOAD CMakeFiles/TIM10RTOS.dir/Core/Src/syscalls.c.obj
LOAD CMakeFiles/TIM10RTOS.dir/startup_stm32f411xe.s.obj
START GROUP
LOAD C:/ST/STM32CubeCLT_1.16.0/GNU-tools-for-STM32/bin/../lib/gcc/arm-none-eabi/12.3.1/thumb/v7e-m+fp/hard\libgcc.a
LOAD C:/ST/STM32CubeCLT_1.16.0/GNU-tools-for-STM32/bin/../lib/gcc/arm-none-eabi/12.3.1/../../../../arm-none-eabi/lib/thumb/v7e-m+fp/hard\libg_nano.a
LOAD C:/ST/STM32CubeCLT_1.16.0/GNU-tools-for-STM32/bin/../lib/gcc/arm-none-eabi/12.3.1/../../../../arm-none-eabi/lib/thumb/v7e-m+fp/hard\libc_nano.a
END GROUP
START GROUP
LOAD C:/ST/STM32CubeCLT_1.16.0/GNU-tools-for-STM32/bin/../lib/gcc/arm-none-eabi/12.3.1/thumb/v7e-m+fp/hard\libgcc.a
LOAD C:/ST/STM32CubeCLT_1.16.0/GNU-tools-for-STM32/bin/../lib/gcc/arm-none-eabi/12.3.1/../../../../arm-none-eabi/lib/thumb/v7e-m+fp/hard\libc_nano.a
END GROUP
LOAD C:/ST/STM32CubeCLT_1.16.0/GNU-tools-for-STM32/bin/../lib/gcc/arm-none-eabi/12.3.1/thumb/v7e-m+fp/hard/crtend.o
LOAD C:/ST/STM32CubeCLT_1.16.0/GNU-tools-for-STM32/bin/../lib/gcc/arm-none-eabi/12.3.1/thumb/v7e-m+fp/hard/crtn.o
                0x20020000                        _estack = (ORIGIN (RAM) + LENGTH (RAM))
                0x00000200                        _Min_Heap_Size = 0x200
                0x00000400                        _Min_Stack_Size = 0x400

.isr_vector     0x08000000      0x198
                0x08000000                        . = ALIGN (0x4)
 *(.isr_vector)
 .isr_vector    0x08000000      0x198 CMakeFiles/TIM10RTOS.dir/startup_stm32f411xe.s.obj
                0x08000000                g_pfnVectors
                0x08000198                        . = ALIGN (0x4)

.text           0x080001a0     0x6ce4
                0x080001a0                        . = ALIGN (0x4)
 *(.text)
 .text          0x080001a0       0x40 C:/ST/STM32CubeCLT_1.16.0/GNU-tools-for-STM32/bin/../lib/gcc/arm-none-eabi/12.3.1/thumb/v7e-m+fp/hard/crtbegin.o
 .text          0x080001e0      0x378 C:/ST/STM32CubeCLT_1.16.0/GNU-tools-for-STM32/bin/../lib/gcc/arm-none-eabi/12.3.1/thumb/v7e-m+fp/hard\libgcc.a(_arm_addsubdf3.o)
                0x080001e0                __aeabi_drsub
                0x080001e8                __aeabi_dsub
                0x080001e8                __subdf3
                0x080001ec                __aeabi_dadd
                0x080001ec                __adddf3
                0x08000464                __floatunsidf
                0x08000464                __aeabi_ui2d
                0x08000484                __floatsidf
                0x08000484                __aeabi_i2d
                0x080004a8                __aeabi_f2d
                0x080004a8                __extendsfdf2
                0x080004ec                __floatundidf
                0x080004ec                __aeabi_ul2d
                0x080004fc                __floatdidf
                0x080004fc                __aeabi_l2d
 .text          0x08000558      0x424 C:/ST/STM32CubeCLT_1.16.0/GNU-tools-for-STM32/bin/../lib/gcc/arm-none-eabi/12.3.1/thumb/v7e-m+fp/hard\libgcc.a(_arm_muldivdf3.o)
                0x08000558                __aeabi_dmul
                0x08000558                __muldf3
                0x080007ac                __divdf3
                0x080007ac                __aeabi_ddiv
 .text          0x0800097c       0xa0 C:/ST/STM32CubeCLT_1.16.0/GNU-tools-for-STM32/bin/../lib/gcc/arm-none-eabi/12.3.1/thumb/v7e-m+fp/hard\libgcc.a(_arm_truncdfsf2.o)
                0x0800097c                __truncdfsf2
                0x0800097c                __aeabi_d2f
 .text          0x08000a1c       0x30 C:/ST/STM32CubeCLT_1.16.0/GNU-tools-for-STM32/bin/../lib/gcc/arm-none-eabi/12.3.1/thumb/v7e-m+fp/hard\libgcc.a(_aeabi_uldivmod.o)
                0x08000a1c                __aeabi_uldivmod
 .text          0x08000a4c      0x2bc C:/ST/STM32CubeCLT_1.16.0/GNU-tools-for-STM32/bin/../lib/gcc/arm-none-eabi/12.3.1/thumb/v7e-m+fp/hard\libgcc.a(_udivmoddi4.o)
                0x08000a4c                __udivmoddi4
 .text          0x08000d08        0x4 C:/ST/STM32CubeCLT_1.16.0/GNU-tools-for-STM32/bin/../lib/gcc/arm-none-eabi/12.3.1/thumb/v7e-m+fp/hard\libgcc.a(_dvmd_tls.o)
                0x08000d08                __aeabi_idiv0
                0x08000d08                __aeabi_ldiv0
 *(.text*)
 .text.memset   0x08000d0c       0x10 C:/ST/STM32CubeCLT_1.16.0/GNU-tools-for-STM32/bin/../lib/gcc/arm-none-eabi/12.3.1/../../../../arm-none-eabi/lib/thumb/v7e-m+fp/hard\libc_nano.a(libc_a-memset.o)
                0x08000d0c                memset
 .text.__libc_init_array
                0x08000d1c       0x48 C:/ST/STM32CubeCLT_1.16.0/GNU-tools-for-STM32/bin/../lib/gcc/arm-none-eabi/12.3.1/../../../../arm-none-eabi/lib/thumb/v7e-m+fp/hard\libc_nano.a(libc_a-init.o)
                0x08000d1c                __libc_init_array
 .text.main     0x08000d64       0xd4 CMakeFiles/TIM10RTOS.dir/Core/Src/main.c.obj
                0x08000d64                main
 .text.SystemClock_Config
                0x08000e38       0xbc CMakeFiles/TIM10RTOS.dir/Core/Src/main.c.obj
                0x08000e38                SystemClock_Config
 .text.MX_ADC1_Init
                0x08000ef4       0xf8 CMakeFiles/TIM10RTOS.dir/Core/Src/main.c.obj
 .text.MX_TIM2_Init
                0x08000fec       0x98 CMakeFiles/TIM10RTOS.dir/Core/Src/main.c.obj
 .text.MX_DMA_Init
                0x08001084       0x40 CMakeFiles/TIM10RTOS.dir/Core/Src/main.c.obj
 .text.MX_GPIO_Init
                0x080010c4       0xc4 CMakeFiles/TIM10RTOS.dir/Core/Src/main.c.obj
 .text.StartLEDTask
                0x08001188       0x3c CMakeFiles/TIM10RTOS.dir/Core/Src/main.c.obj
                0x08001188                StartLEDTask
 *fill*         0x080011c4        0x4 
 .text.StartAN1Task
                0x080011c8       0x94 CMakeFiles/TIM10RTOS.dir/Core/Src/main.c.obj
                0x080011c8                StartAN1Task
 *fill*         0x0800125c        0x4 
 .text.StartAN2Task
                0x08001260       0x94 CMakeFiles/TIM10RTOS.dir/Core/Src/main.c.obj
                0x08001260                StartAN2Task
 *fill*         0x080012f4        0x4 
 .text.StartAN3Task
                0x080012f8       0x94 CMakeFiles/TIM10RTOS.dir/Core/Src/main.c.obj
                0x080012f8                StartAN3Task
 *fill*         0x0800138c        0x4 
 .text.StartAN4Task
                0x08001390       0x94 CMakeFiles/TIM10RTOS.dir/Core/Src/main.c.obj
                0x08001390                StartAN4Task
 .text.HAL_TIM_PeriodElapsedCallback
                0x08001424       0x24 CMakeFiles/TIM10RTOS.dir/Core/Src/main.c.obj
                0x08001424                HAL_TIM_PeriodElapsedCallback
 .text.Error_Handler
                0x08001448        0xc CMakeFiles/TIM10RTOS.dir/Core/Src/main.c.obj
                0x08001448                Error_Handler
 .text.NMI_Handler
                0x08001454        0x8 CMakeFiles/TIM10RTOS.dir/Core/Src/stm32f4xx_it.c.obj
                0x08001454                NMI_Handler
 .text.HardFault_Handler
                0x0800145c        0x8 CMakeFiles/TIM10RTOS.dir/Core/Src/stm32f4xx_it.c.obj
                0x0800145c                HardFault_Handler
 .text.MemManage_Handler
                0x08001464        0x8 CMakeFiles/TIM10RTOS.dir/Core/Src/stm32f4xx_it.c.obj
                0x08001464                MemManage_Handler
 .text.BusFault_Handler
                0x0800146c        0x8 CMakeFiles/TIM10RTOS.dir/Core/Src/stm32f4xx_it.c.obj
                0x0800146c                BusFault_Handler
 .text.UsageFault_Handler
                0x08001474        0x8 CMakeFiles/TIM10RTOS.dir/Core/Src/stm32f4xx_it.c.obj
                0x08001474                UsageFault_Handler
 .text.DebugMon_Handler
                0x0800147c        0xe CMakeFiles/TIM10RTOS.dir/Core/Src/stm32f4xx_it.c.obj
                0x0800147c                DebugMon_Handler
 *fill*         0x0800148a        0x2 
 .text.EXTI0_IRQHandler
                0x0800148c       0x28 CMakeFiles/TIM10RTOS.dir/Core/Src/stm32f4xx_it.c.obj
                0x0800148c                EXTI0_IRQHandler
 .text.ADC_IRQHandler
                0x080014b4       0x14 CMakeFiles/TIM10RTOS.dir/Core/Src/stm32f4xx_it.c.obj
                0x080014b4                ADC_IRQHandler
 .text.TIM1_UP_TIM10_IRQHandler
                0x080014c8       0x14 CMakeFiles/TIM10RTOS.dir/Core/Src/stm32f4xx_it.c.obj
                0x080014c8                TIM1_UP_TIM10_IRQHandler
 .text.TIM2_IRQHandler
                0x080014dc       0x24 CMakeFiles/TIM10RTOS.dir/Core/Src/stm32f4xx_it.c.obj
                0x080014dc                TIM2_IRQHandler
 .text.DMA2_Stream0_IRQHandler
                0x08001500       0x14 CMakeFiles/TIM10RTOS.dir/Core/Src/stm32f4xx_it.c.obj
                0x08001500                DMA2_Stream0_IRQHandler
 .text.HAL_ADC_ConvCpltCallback
                0x08001514       0x50 CMakeFiles/TIM10RTOS.dir/Core/Src/stm32f4xx_it.c.obj
                0x08001514                HAL_ADC_ConvCpltCallback
 .text.HAL_MspInit
                0x08001564       0x58 CMakeFiles/TIM10RTOS.dir/Core/Src/stm32f4xx_hal_msp.c.obj
                0x08001564                HAL_MspInit
 .text.HAL_ADC_MspInit
                0x080015bc       0xfc CMakeFiles/TIM10RTOS.dir/Core/Src/stm32f4xx_hal_msp.c.obj
                0x080015bc                HAL_ADC_MspInit
 .text.HAL_TIM_Base_MspInit
                0x080016b8       0x4c CMakeFiles/TIM10RTOS.dir/Core/Src/stm32f4xx_hal_msp.c.obj
                0x080016b8                HAL_TIM_Base_MspInit
 .text.HAL_InitTick
                0x08001704       0xe4 CMakeFiles/TIM10RTOS.dir/Core/Src/stm32f4xx_hal_timebase_tim.c.obj
                0x08001704                HAL_InitTick
 .text.HAL_ADC_Init
                0x080017e8       0x86 CMakeFiles/TIM10RTOS.dir/Drivers/STM32F4xx_HAL_Driver/Src/stm32f4xx_hal_adc.c.obj
                0x080017e8                HAL_ADC_Init
 .text.HAL_ADC_IRQHandler
                0x0800186e      0x220 CMakeFiles/TIM10RTOS.dir/Drivers/STM32F4xx_HAL_Driver/Src/stm32f4xx_hal_adc.c.obj
                0x0800186e                HAL_ADC_IRQHandler
 *fill*         0x08001a8e        0x2 
 .text.HAL_ADC_Start_DMA
                0x08001a90      0x1e0 CMakeFiles/TIM10RTOS.dir/Drivers/STM32F4xx_HAL_Driver/Src/stm32f4xx_hal_adc.c.obj
                0x08001a90                HAL_ADC_Start_DMA
 .text.HAL_ADC_ConvHalfCpltCallback
                0x08001c70       0x14 CMakeFiles/TIM10RTOS.dir/Drivers/STM32F4xx_HAL_Driver/Src/stm32f4xx_hal_adc.c.obj
                0x08001c70                HAL_ADC_ConvHalfCpltCallback
 .text.HAL_ADC_LevelOutOfWindowCallback
                0x08001c84       0x14 CMakeFiles/TIM10RTOS.dir/Drivers/STM32F4xx_HAL_Driver/Src/stm32f4xx_hal_adc.c.obj
                0x08001c84                HAL_ADC_LevelOutOfWindowCallback
 .text.HAL_ADC_ErrorCallback
                0x08001c98       0x14 CMakeFiles/TIM10RTOS.dir/Drivers/STM32F4xx_HAL_Driver/Src/stm32f4xx_hal_adc.c.obj
                0x08001c98                HAL_ADC_ErrorCallback
 .text.HAL_ADC_ConfigChannel
                0x08001cac      0x264 CMakeFiles/TIM10RTOS.dir/Drivers/STM32F4xx_HAL_Driver/Src/stm32f4xx_hal_adc.c.obj
                0x08001cac                HAL_ADC_ConfigChannel
 .text.ADC_Init
                0x08001f10      0x1f8 CMakeFiles/TIM10RTOS.dir/Drivers/STM32F4xx_HAL_Driver/Src/stm32f4xx_hal_adc.c.obj
 .text.ADC_DMAConvCplt
                0x08002108       0xba CMakeFiles/TIM10RTOS.dir/Drivers/STM32F4xx_HAL_Driver/Src/stm32f4xx_hal_adc.c.obj
 .text.ADC_DMAHalfConvCplt
                0x080021c2       0x1c CMakeFiles/TIM10RTOS.dir/Drivers/STM32F4xx_HAL_Driver/Src/stm32f4xx_hal_adc.c.obj
 .text.ADC_DMAError
                0x080021de       0x2e CMakeFiles/TIM10RTOS.dir/Drivers/STM32F4xx_HAL_Driver/Src/stm32f4xx_hal_adc.c.obj
 .text.HAL_ADCEx_InjectedConvCpltCallback
                0x0800220c       0x14 CMakeFiles/TIM10RTOS.dir/Drivers/STM32F4xx_HAL_Driver/Src/stm32f4xx_hal_adc_ex.c.obj
                0x0800220c                HAL_ADCEx_InjectedConvCpltCallback
 .text.HAL_RCC_OscConfig
                0x08002220      0x4f0 CMakeFiles/TIM10RTOS.dir/Drivers/STM32F4xx_HAL_Driver/Src/stm32f4xx_hal_rcc.c.obj
                0x08002220                HAL_RCC_OscConfig
 .text.HAL_RCC_ClockConfig
                0x08002710      0x1cc CMakeFiles/TIM10RTOS.dir/Drivers/STM32F4xx_HAL_Driver/Src/stm32f4xx_hal_rcc.c.obj
                0x08002710                HAL_RCC_ClockConfig
 .text.HAL_RCC_GetSysClockFreq
                0x080028dc      0x18c CMakeFiles/TIM10RTOS.dir/Drivers/STM32F4xx_HAL_Driver/Src/stm32f4xx_hal_rcc.c.obj
                0x080028dc                HAL_RCC_GetSysClockFreq
 .text.HAL_RCC_GetHCLKFreq
                0x08002a68       0x18 CMakeFiles/TIM10RTOS.dir/Drivers/STM32F4xx_HAL_Driver/Src/stm32f4xx_hal_rcc.c.obj
                0x08002a68                HAL_RCC_GetHCLKFreq
 .text.HAL_RCC_GetPCLK2Freq
                0x08002a80       0x28 CMakeFiles/TIM10RTOS.dir/Drivers/STM32F4xx_HAL_Driver/Src/stm32f4xx_hal_rcc.c.obj
                0x08002a80                HAL_RCC_GetPCLK2Freq
 .text.HAL_RCC_GetClockConfig
                0x08002aa8       0x64 CMakeFiles/TIM10RTOS.dir/Drivers/STM32F4xx_HAL_Driver/Src/stm32f4xx_hal_rcc.c.obj
                0x08002aa8                HAL_RCC_GetClockConfig
 .text.HAL_GPIO_Init
                0x08002b0c      0x308 CMakeFiles/TIM10RTOS.dir/Drivers/STM32F4xx_HAL_Driver/Src/stm32f4xx_hal_gpio.c.obj
                0x08002b0c                HAL_GPIO_Init
 .text.HAL_GPIO_WritePin
                0x08002e14       0x32 CMakeFiles/TIM10RTOS.dir/Drivers/STM32F4xx_HAL_Driver/Src/stm32f4xx_hal_gpio.c.obj
                0x08002e14                HAL_GPIO_WritePin
 *fill*         0x08002e46        0x2 
 .text.HAL_GPIO_EXTI_IRQHandler
                0x08002e48       0x30 CMakeFiles/TIM10RTOS.dir/Drivers/STM32F4xx_HAL_Driver/Src/stm32f4xx_hal_gpio.c.obj
                0x08002e48                HAL_GPIO_EXTI_IRQHandler
 .text.HAL_GPIO_EXTI_Callback
                0x08002e78       0x16 CMakeFiles/TIM10RTOS.dir/Drivers/STM32F4xx_HAL_Driver/Src/stm32f4xx_hal_gpio.c.obj
                0x08002e78                HAL_GPIO_EXTI_Callback
 *fill*         0x08002e8e        0x2 
 .text.HAL_DMA_Init
                0x08002e90      0x15c CMakeFiles/TIM10RTOS.dir/Drivers/STM32F4xx_HAL_Driver/Src/stm32f4xx_hal_dma.c.obj
                0x08002e90                HAL_DMA_Init
 .text.HAL_DMA_Start_IT
                0x08002fec       0xb0 CMakeFiles/TIM10RTOS.dir/Drivers/STM32F4xx_HAL_Driver/Src/stm32f4xx_hal_dma.c.obj
                0x08002fec                HAL_DMA_Start_IT
 .text.HAL_DMA_IRQHandler
                0x0800309c      0x314 CMakeFiles/TIM10RTOS.dir/Drivers/STM32F4xx_HAL_Driver/Src/stm32f4xx_hal_dma.c.obj
                0x0800309c                HAL_DMA_IRQHandler
 .text.DMA_SetConfig
                0x080033b0       0x5c CMakeFiles/TIM10RTOS.dir/Drivers/STM32F4xx_HAL_Driver/Src/stm32f4xx_hal_dma.c.obj
 .text.DMA_CalcBaseAndBitshift
                0x0800340c       0x6c CMakeFiles/TIM10RTOS.dir/Drivers/STM32F4xx_HAL_Driver/Src/stm32f4xx_hal_dma.c.obj
 .text.DMA_CheckFifoParam
                0x08003478       0xf8 CMakeFiles/TIM10RTOS.dir/Drivers/STM32F4xx_HAL_Driver/Src/stm32f4xx_hal_dma.c.obj
 .text.__NVIC_SetPriorityGrouping
                0x08003570       0x48 CMakeFiles/TIM10RTOS.dir/Drivers/STM32F4xx_HAL_Driver/Src/stm32f4xx_hal_cortex.c.obj
 .text.__NVIC_GetPriorityGrouping
                0x080035b8       0x1c CMakeFiles/TIM10RTOS.dir/Drivers/STM32F4xx_HAL_Driver/Src/stm32f4xx_hal_cortex.c.obj
 .text.__NVIC_EnableIRQ
                0x080035d4       0x3c CMakeFiles/TIM10RTOS.dir/Drivers/STM32F4xx_HAL_Driver/Src/stm32f4xx_hal_cortex.c.obj
 .text.__NVIC_SetPriority
                0x08003610       0x54 CMakeFiles/TIM10RTOS.dir/Drivers/STM32F4xx_HAL_Driver/Src/stm32f4xx_hal_cortex.c.obj
 .text.NVIC_EncodePriority
                0x08003664       0x66 CMakeFiles/TIM10RTOS.dir/Drivers/STM32F4xx_HAL_Driver/Src/stm32f4xx_hal_cortex.c.obj
 .text.HAL_NVIC_SetPriorityGrouping
                0x080036ca       0x16 CMakeFiles/TIM10RTOS.dir/Drivers/STM32F4xx_HAL_Driver/Src/stm32f4xx_hal_cortex.c.obj
                0x080036ca                HAL_NVIC_SetPriorityGrouping
 .text.HAL_NVIC_SetPriority
                0x080036e0       0x38 CMakeFiles/TIM10RTOS.dir/Drivers/STM32F4xx_HAL_Driver/Src/stm32f4xx_hal_cortex.c.obj
                0x080036e0                HAL_NVIC_SetPriority
 .text.HAL_NVIC_EnableIRQ
                0x08003718       0x1c CMakeFiles/TIM10RTOS.dir/Drivers/STM32F4xx_HAL_Driver/Src/stm32f4xx_hal_cortex.c.obj
                0x08003718                HAL_NVIC_EnableIRQ
 .text.HAL_Init
                0x08003734       0x44 CMakeFiles/TIM10RTOS.dir/Drivers/STM32F4xx_HAL_Driver/Src/stm32f4xx_hal.c.obj
                0x08003734                HAL_Init
 .text.HAL_IncTick
                0x08003778       0x28 CMakeFiles/TIM10RTOS.dir/Drivers/STM32F4xx_HAL_Driver/Src/stm32f4xx_hal.c.obj
                0x08003778                HAL_IncTick
 .text.HAL_GetTick
                0x080037a0       0x18 CMakeFiles/TIM10RTOS.dir/Drivers/STM32F4xx_HAL_Driver/Src/stm32f4xx_hal.c.obj
                0x080037a0                HAL_GetTick
 .text.HAL_TIM_Base_Init
                0x080037b8       0x9e CMakeFiles/TIM10RTOS.dir/Drivers/STM32F4xx_HAL_Driver/Src/stm32f4xx_hal_tim.c.obj
                0x080037b8                HAL_TIM_Base_Init
 *fill*         0x08003856        0x2 
 .text.HAL_TIM_Base_Start_IT
                0x08003858       0xc4 CMakeFiles/TIM10RTOS.dir/Drivers/STM32F4xx_HAL_Driver/Src/stm32f4xx_hal_tim.c.obj
                0x08003858                HAL_TIM_Base_Start_IT
 .text.HAL_TIM_IRQHandler
                0x0800391c      0x1e0 CMakeFiles/TIM10RTOS.dir/Drivers/STM32F4xx_HAL_Driver/Src/stm32f4xx_hal_tim.c.obj
                0x0800391c                HAL_TIM_IRQHandler
 .text.HAL_TIM_ConfigClockSource
                0x08003afc      0x18e CMakeFiles/TIM10RTOS.dir/Drivers/STM32F4xx_HAL_Driver/Src/stm32f4xx_hal_tim.c.obj
                0x08003afc                HAL_TIM_ConfigClockSource
 .text.HAL_TIM_OC_DelayElapsedCallback
                0x08003c8a       0x14 CMakeFiles/TIM10RTOS.dir/Drivers/STM32F4xx_HAL_Driver/Src/stm32f4xx_hal_tim.c.obj
                0x08003c8a                HAL_TIM_OC_DelayElapsedCallback
 .text.HAL_TIM_IC_CaptureCallback
                0x08003c9e       0x14 CMakeFiles/TIM10RTOS.dir/Drivers/STM32F4xx_HAL_Driver/Src/stm32f4xx_hal_tim.c.obj
                0x08003c9e                HAL_TIM_IC_CaptureCallback
 .text.HAL_TIM_PWM_PulseFinishedCallback
                0x08003cb2       0x14 CMakeFiles/TIM10RTOS.dir/Drivers/STM32F4xx_HAL_Driver/Src/stm32f4xx_hal_tim.c.obj
                0x08003cb2                HAL_TIM_PWM_PulseFinishedCallback
 .text.HAL_TIM_TriggerCallback
                0x08003cc6       0x14 CMakeFiles/TIM10RTOS.dir/Drivers/STM32F4xx_HAL_Driver/Src/stm32f4xx_hal_tim.c.obj
                0x08003cc6                HAL_TIM_TriggerCallback
 *fill*         0x08003cda        0x2 
 .text.TIM_Base_SetConfig
                0x08003cdc      0x118 CMakeFiles/TIM10RTOS.dir/Drivers/STM32F4xx_HAL_Driver/Src/stm32f4xx_hal_tim.c.obj
                0x08003cdc                TIM_Base_SetConfig
 .text.TIM_TI1_ConfigInputStage
                0x08003df4       0x5e CMakeFiles/TIM10RTOS.dir/Drivers/STM32F4xx_HAL_Driver/Src/stm32f4xx_hal_tim.c.obj
 .text.TIM_TI2_ConfigInputStage
                0x08003e52       0x60 CMakeFiles/TIM10RTOS.dir/Drivers/STM32F4xx_HAL_Driver/Src/stm32f4xx_hal_tim.c.obj
 .text.TIM_ITRx_SetConfig
                0x08003eb2       0x36 CMakeFiles/TIM10RTOS.dir/Drivers/STM32F4xx_HAL_Driver/Src/stm32f4xx_hal_tim.c.obj
 .text.TIM_ETR_SetConfig
                0x08003ee8       0x40 CMakeFiles/TIM10RTOS.dir/Drivers/STM32F4xx_HAL_Driver/Src/stm32f4xx_hal_tim.c.obj
                0x08003ee8                TIM_ETR_SetConfig
 .text.HAL_TIMEx_MasterConfigSynchronization
                0x08003f28       0xdc CMakeFiles/TIM10RTOS.dir/Drivers/STM32F4xx_HAL_Driver/Src/stm32f4xx_hal_tim_ex.c.obj
                0x08003f28                HAL_TIMEx_MasterConfigSynchronization
 .text.HAL_TIMEx_CommutCallback
                0x08004004       0x14 CMakeFiles/TIM10RTOS.dir/Drivers/STM32F4xx_HAL_Driver/Src/stm32f4xx_hal_tim_ex.c.obj
                0x08004004                HAL_TIMEx_CommutCallback
 .text.HAL_TIMEx_BreakCallback
                0x08004018       0x14 CMakeFiles/TIM10RTOS.dir/Drivers/STM32F4xx_HAL_Driver/Src/stm32f4xx_hal_tim_ex.c.obj
                0x08004018                HAL_TIMEx_BreakCallback
 .text.SystemInit
                0x0800402c       0x24 CMakeFiles/TIM10RTOS.dir/Core/Src/system_stm32f4xx.c.obj
                0x0800402c                SystemInit
 .text.vListInitialise
                0x08004050       0x40 CMakeFiles/TIM10RTOS.dir/Middlewares/Third_Party/FreeRTOS/Source/list.c.obj
                0x08004050                vListInitialise
 .text.vListInitialiseItem
                0x08004090       0x1a CMakeFiles/TIM10RTOS.dir/Middlewares/Third_Party/FreeRTOS/Source/list.c.obj
                0x08004090                vListInitialiseItem
 .text.vListInsertEnd
                0x080040aa       0x48 CMakeFiles/TIM10RTOS.dir/Middlewares/Third_Party/FreeRTOS/Source/list.c.obj
                0x080040aa                vListInsertEnd
 .text.vListInsert
                0x080040f2       0x72 CMakeFiles/TIM10RTOS.dir/Middlewares/Third_Party/FreeRTOS/Source/list.c.obj
                0x080040f2                vListInsert
 .text.uxListRemove
                0x08004164       0x54 CMakeFiles/TIM10RTOS.dir/Middlewares/Third_Party/FreeRTOS/Source/list.c.obj
                0x08004164                uxListRemove
 .text.xQueueGenericReset
                0x080041b8       0xd4 CMakeFiles/TIM10RTOS.dir/Middlewares/Third_Party/FreeRTOS/Source/queue.c.obj
                0x080041b8                xQueueGenericReset
 .text.xQueueGenericCreateStatic
                0x0800428c       0xfa CMakeFiles/TIM10RTOS.dir/Middlewares/Third_Party/FreeRTOS/Source/queue.c.obj
                0x0800428c                xQueueGenericCreateStatic
 .text.xQueueGenericCreate
                0x08004386       0x76 CMakeFiles/TIM10RTOS.dir/Middlewares/Third_Party/FreeRTOS/Source/queue.c.obj
                0x08004386                xQueueGenericCreate
 .text.prvInitialiseNewQueue
                0x080043fc       0x46 CMakeFiles/TIM10RTOS.dir/Middlewares/Third_Party/FreeRTOS/Source/queue.c.obj
 .text.prvInitialiseMutex
                0x08004442       0x34 CMakeFiles/TIM10RTOS.dir/Middlewares/Third_Party/FreeRTOS/Source/queue.c.obj
 .text.xQueueCreateMutex
                0x08004476       0x30 CMakeFiles/TIM10RTOS.dir/Middlewares/Third_Party/FreeRTOS/Source/queue.c.obj
                0x08004476                xQueueCreateMutex
 .text.xQueueCreateMutexStatic
                0x080044a6       0x36 CMakeFiles/TIM10RTOS.dir/Middlewares/Third_Party/FreeRTOS/Source/queue.c.obj
                0x080044a6                xQueueCreateMutexStatic
 .text.xQueueGenericSend
                0x080044dc      0x204 CMakeFiles/TIM10RTOS.dir/Middlewares/Third_Party/FreeRTOS/Source/queue.c.obj
                0x080044dc                xQueueGenericSend
 .text.xQueueGenericSendFromISR
                0x080046e0      0x13c CMakeFiles/TIM10RTOS.dir/Middlewares/Third_Party/FreeRTOS/Source/queue.c.obj
                0x080046e0                xQueueGenericSendFromISR
 .text.xQueueReceive
                0x0800481c      0x1c4 CMakeFiles/TIM10RTOS.dir/Middlewares/Third_Party/FreeRTOS/Source/queue.c.obj
                0x0800481c                xQueueReceive
 .text.prvCopyDataToQueue
                0x080049e0       0xd4 CMakeFiles/TIM10RTOS.dir/Middlewares/Third_Party/FreeRTOS/Source/queue.c.obj
 .text.prvCopyDataFromQueue
                0x08004ab4       0x4c CMakeFiles/TIM10RTOS.dir/Middlewares/Third_Party/FreeRTOS/Source/queue.c.obj
 .text.prvUnlockQueue
                0x08004b00       0xa4 CMakeFiles/TIM10RTOS.dir/Middlewares/Third_Party/FreeRTOS/Source/queue.c.obj
 .text.prvIsQueueEmpty
                0x08004ba4       0x2c CMakeFiles/TIM10RTOS.dir/Middlewares/Third_Party/FreeRTOS/Source/queue.c.obj
 .text.prvIsQueueFull
                0x08004bd0       0x30 CMakeFiles/TIM10RTOS.dir/Middlewares/Third_Party/FreeRTOS/Source/queue.c.obj
 .text.vQueueAddToRegistry
                0x08004c00       0x54 CMakeFiles/TIM10RTOS.dir/Middlewares/Third_Party/FreeRTOS/Source/queue.c.obj
                0x08004c00                vQueueAddToRegistry
 .text.vQueueWaitForMessageRestricted
                0x08004c54       0x68 CMakeFiles/TIM10RTOS.dir/Middlewares/Third_Party/FreeRTOS/Source/queue.c.obj
                0x08004c54                vQueueWaitForMessageRestricted
 .text.xTaskCreateStatic
                0x08004cbc       0xc0 CMakeFiles/TIM10RTOS.dir/Middlewares/Third_Party/FreeRTOS/Source/tasks.c.obj
                0x08004cbc                xTaskCreateStatic
 .text.xTaskCreate
                0x08004d7c       0x8a CMakeFiles/TIM10RTOS.dir/Middlewares/Third_Party/FreeRTOS/Source/tasks.c.obj
                0x08004d7c                xTaskCreate
 .text.prvInitialiseNewTask
                0x08004e06      0x120 CMakeFiles/TIM10RTOS.dir/Middlewares/Third_Party/FreeRTOS/Source/tasks.c.obj
 *fill*         0x08004f26        0x2 
 .text.prvAddNewTaskToReadyList
                0x08004f28       0xe0 CMakeFiles/TIM10RTOS.dir/Middlewares/Third_Party/FreeRTOS/Source/tasks.c.obj
 .text.vTaskDelay
                0x08005008       0x6c CMakeFiles/TIM10RTOS.dir/Middlewares/Third_Party/FreeRTOS/Source/tasks.c.obj
                0x08005008                vTaskDelay
 .text.vTaskStartScheduler
                0x08005074       0xd0 CMakeFiles/TIM10RTOS.dir/Middlewares/Third_Party/FreeRTOS/Source/tasks.c.obj
                0x08005074                vTaskStartScheduler
 .text.vTaskSuspendAll
                0x08005144       0x1c CMakeFiles/TIM10RTOS.dir/Middlewares/Third_Party/FreeRTOS/Source/tasks.c.obj
                0x08005144                vTaskSuspendAll
 .text.xTaskResumeAll
                0x08005160      0x13c CMakeFiles/TIM10RTOS.dir/Middlewares/Third_Party/FreeRTOS/Source/tasks.c.obj
                0x08005160                xTaskResumeAll
 .text.xTaskGetTickCount
                0x0800529c       0x20 CMakeFiles/TIM10RTOS.dir/Middlewares/Third_Party/FreeRTOS/Source/tasks.c.obj
                0x0800529c                xTaskGetTickCount
 .text.xTaskIncrementTick
                0x080052bc      0x174 CMakeFiles/TIM10RTOS.dir/Middlewares/Third_Party/FreeRTOS/Source/tasks.c.obj
                0x080052bc                xTaskIncrementTick
 .text.vTaskSwitchContext
                0x08005430       0xbc CMakeFiles/TIM10RTOS.dir/Middlewares/Third_Party/FreeRTOS/Source/tasks.c.obj
                0x08005430                vTaskSwitchContext
 .text.vTaskPlaceOnEventList
                0x080054ec       0x4c CMakeFiles/TIM10RTOS.dir/Middlewares/Third_Party/FreeRTOS/Source/tasks.c.obj
                0x080054ec                vTaskPlaceOnEventList
 .text.vTaskPlaceOnEventListRestricted
                0x08005538       0x58 CMakeFiles/TIM10RTOS.dir/Middlewares/Third_Party/FreeRTOS/Source/tasks.c.obj
                0x08005538                vTaskPlaceOnEventListRestricted
 .text.xTaskRemoveFromEventList
                0x08005590       0xc8 CMakeFiles/TIM10RTOS.dir/Middlewares/Third_Party/FreeRTOS/Source/tasks.c.obj
                0x08005590                xTaskRemoveFromEventList
 .text.vTaskInternalSetTimeOutState
                0x08005658       0x2c CMakeFiles/TIM10RTOS.dir/Middlewares/Third_Party/FreeRTOS/Source/tasks.c.obj
                0x08005658                vTaskInternalSetTimeOutState
 .text.xTaskCheckForTimeOut
                0x08005684       0xc8 CMakeFiles/TIM10RTOS.dir/Middlewares/Third_Party/FreeRTOS/Source/tasks.c.obj
                0x08005684                xTaskCheckForTimeOut
 .text.vTaskMissedYield
                0x0800574c       0x18 CMakeFiles/TIM10RTOS.dir/Middlewares/Third_Party/FreeRTOS/Source/tasks.c.obj
                0x0800574c                vTaskMissedYield
 .text.prvIdleTask
                0x08005764       0x30 CMakeFiles/TIM10RTOS.dir/Middlewares/Third_Party/FreeRTOS/Source/tasks.c.obj
 .text.prvInitialiseTaskLists
                0x08005794       0x80 CMakeFiles/TIM10RTOS.dir/Middlewares/Third_Party/FreeRTOS/Source/tasks.c.obj
 .text.prvCheckTasksWaitingTermination
                0x08005814       0x5c CMakeFiles/TIM10RTOS.dir/Middlewares/Third_Party/FreeRTOS/Source/tasks.c.obj
 .text.prvDeleteTCB
                0x08005870       0x60 CMakeFiles/TIM10RTOS.dir/Middlewares/Third_Party/FreeRTOS/Source/tasks.c.obj
 .text.prvResetNextTaskUnblockTime
                0x080058d0       0x40 CMakeFiles/TIM10RTOS.dir/Middlewares/Third_Party/FreeRTOS/Source/tasks.c.obj
 .text.xTaskGetSchedulerState
                0x08005910       0x3c CMakeFiles/TIM10RTOS.dir/Middlewares/Third_Party/FreeRTOS/Source/tasks.c.obj
                0x08005910                xTaskGetSchedulerState
 .text.xTaskPriorityDisinherit
                0x0800594c       0xe0 CMakeFiles/TIM10RTOS.dir/Middlewares/Third_Party/FreeRTOS/Source/tasks.c.obj
                0x0800594c                xTaskPriorityDisinherit
 .text.prvAddCurrentTaskToDelayedList
                0x08005a2c       0xa8 CMakeFiles/TIM10RTOS.dir/Middlewares/Third_Party/FreeRTOS/Source/tasks.c.obj
 .text.xTimerCreateTimerTask
                0x08005ad4       0x94 CMakeFiles/TIM10RTOS.dir/Middlewares/Third_Party/FreeRTOS/Source/timers.c.obj
                0x08005ad4                xTimerCreateTimerTask
 .text.xTimerGenericCommand
                0x08005b68       0x9c CMakeFiles/TIM10RTOS.dir/Middlewares/Third_Party/FreeRTOS/Source/timers.c.obj
                0x08005b68                xTimerGenericCommand
 .text.prvProcessExpiredTimer
                0x08005c04       0x9c CMakeFiles/TIM10RTOS.dir/Middlewares/Third_Party/FreeRTOS/Source/timers.c.obj
 .text.prvTimerTask
                0x08005ca0       0x26 CMakeFiles/TIM10RTOS.dir/Middlewares/Third_Party/FreeRTOS/Source/timers.c.obj
 *fill*         0x08005cc6        0x2 
 .text.prvProcessTimerOrBlockTask
                0x08005cc8       0x9c CMakeFiles/TIM10RTOS.dir/Middlewares/Third_Party/FreeRTOS/Source/timers.c.obj
 .text.prvGetNextExpireTime
                0x08005d64       0x48 CMakeFiles/TIM10RTOS.dir/Middlewares/Third_Party/FreeRTOS/Source/timers.c.obj
 .text.prvSampleTimeNow
                0x08005dac       0x40 CMakeFiles/TIM10RTOS.dir/Middlewares/Third_Party/FreeRTOS/Source/timers.c.obj
 .text.prvInsertTimerInActiveList
                0x08005dec       0x84 CMakeFiles/TIM10RTOS.dir/Middlewares/Third_Party/FreeRTOS/Source/timers.c.obj
 .text.prvProcessReceivedCommands
                0x08005e70      0x1cc CMakeFiles/TIM10RTOS.dir/Middlewares/Third_Party/FreeRTOS/Source/timers.c.obj
 .text.prvSwitchTimerLists
                0x0800603c       0xcc CMakeFiles/TIM10RTOS.dir/Middlewares/Third_Party/FreeRTOS/Source/timers.c.obj
 .text.prvCheckForValidListAndQueue
                0x08006108       0x80 CMakeFiles/TIM10RTOS.dir/Middlewares/Third_Party/FreeRTOS/Source/timers.c.obj
 .text.__NVIC_SetPriority
                0x08006188       0x54 CMakeFiles/TIM10RTOS.dir/Middlewares/Third_Party/FreeRTOS/Source/CMSIS_RTOS_V2/cmsis_os2.c.obj
 .text.SysTick_Handler
                0x080061dc       0x20 CMakeFiles/TIM10RTOS.dir/Middlewares/Third_Party/FreeRTOS/Source/CMSIS_RTOS_V2/cmsis_os2.c.obj
                0x080061dc                SysTick_Handler
 .text.SVC_Setup
                0x080061fc       0x12 CMakeFiles/TIM10RTOS.dir/Middlewares/Third_Party/FreeRTOS/Source/CMSIS_RTOS_V2/cmsis_os2.c.obj
 *fill*         0x0800620e        0x2 
 .text.osKernelInitialize
                0x08006210       0x48 CMakeFiles/TIM10RTOS.dir/Middlewares/Third_Party/FreeRTOS/Source/CMSIS_RTOS_V2/cmsis_os2.c.obj
                0x08006210                osKernelInitialize
 .text.osKernelStart
                0x08006258       0x4c CMakeFiles/TIM10RTOS.dir/Middlewares/Third_Party/FreeRTOS/Source/CMSIS_RTOS_V2/cmsis_os2.c.obj
                0x08006258                osKernelStart
 .text.osThreadNew
                0x080062a4      0x124 CMakeFiles/TIM10RTOS.dir/Middlewares/Third_Party/FreeRTOS/Source/CMSIS_RTOS_V2/cmsis_os2.c.obj
                0x080062a4                osThreadNew
 .text.osDelay  0x080063c8       0x36 CMakeFiles/TIM10RTOS.dir/Middlewares/Third_Party/FreeRTOS/Source/CMSIS_RTOS_V2/cmsis_os2.c.obj
                0x080063c8                osDelay
 .text.osMutexNew
                0x080063fe      0x10c CMakeFiles/TIM10RTOS.dir/Middlewares/Third_Party/FreeRTOS/Source/CMSIS_RTOS_V2/cmsis_os2.c.obj
                0x080063fe                osMutexNew
 *fill*         0x0800650a        0x2 
 .text.vApplicationGetIdleTaskMemory
                0x0800650c       0x34 CMakeFiles/TIM10RTOS.dir/Middlewares/Third_Party/FreeRTOS/Source/CMSIS_RTOS_V2/cmsis_os2.c.obj
                0x0800650c                vApplicationGetIdleTaskMemory
 .text.vApplicationGetTimerTaskMemory
                0x08006540       0x34 CMakeFiles/TIM10RTOS.dir/Middlewares/Third_Party/FreeRTOS/Source/CMSIS_RTOS_V2/cmsis_os2.c.obj
                0x08006540                vApplicationGetTimerTaskMemory
 .text.pvPortMalloc
                0x08006574      0x19c CMakeFiles/TIM10RTOS.dir/Middlewares/Third_Party/FreeRTOS/Source/portable/MemMang/heap_4.c.obj
                0x08006574                pvPortMalloc
 .text.vPortFree
                0x08006710       0xc8 CMakeFiles/TIM10RTOS.dir/Middlewares/Third_Party/FreeRTOS/Source/portable/MemMang/heap_4.c.obj
                0x08006710                vPortFree
 .text.prvHeapInit
                0x080067d8       0xc4 CMakeFiles/TIM10RTOS.dir/Middlewares/Third_Party/FreeRTOS/Source/portable/MemMang/heap_4.c.obj
 .text.prvInsertBlockIntoFreeList
                0x0800689c       0xb4 CMakeFiles/TIM10RTOS.dir/Middlewares/Third_Party/FreeRTOS/Source/portable/MemMang/heap_4.c.obj
 .text.pxPortInitialiseStack
                0x08006950       0x68 CMakeFiles/TIM10RTOS.dir/Middlewares/Third_Party/FreeRTOS/Source/portable/GCC/ARM_CM4F/port.c.obj
                0x08006950                pxPortInitialiseStack
 .text.prvTaskExitError
                0x080069b8       0x5c CMakeFiles/TIM10RTOS.dir/Middlewares/Third_Party/FreeRTOS/Source/portable/GCC/ARM_CM4F/port.c.obj
 *fill*         0x08006a14        0xc 
 .text.SVC_Handler
                0x08006a20       0x28 CMakeFiles/TIM10RTOS.dir/Middlewares/Third_Party/FreeRTOS/Source/portable/GCC/ARM_CM4F/port.c.obj
                0x08006a20                SVC_Handler
 .text.prvPortStartFirstTask
                0x08006a48       0x28 CMakeFiles/TIM10RTOS.dir/Middlewares/Third_Party/FreeRTOS/Source/portable/GCC/ARM_CM4F/port.c.obj
 .text.xPortStartScheduler
                0x08006a70      0x148 CMakeFiles/TIM10RTOS.dir/Middlewares/Third_Party/FreeRTOS/Source/portable/GCC/ARM_CM4F/port.c.obj
                0x08006a70                xPortStartScheduler
 .text.vPortEnterCritical
                0x08006bb8       0x64 CMakeFiles/TIM10RTOS.dir/Middlewares/Third_Party/FreeRTOS/Source/portable/GCC/ARM_CM4F/port.c.obj
                0x08006bb8                vPortEnterCritical
 .text.vPortExitCritical
                0x08006c1c       0x54 CMakeFiles/TIM10RTOS.dir/Middlewares/Third_Party/FreeRTOS/Source/portable/GCC/ARM_CM4F/port.c.obj
                0x08006c1c                vPortExitCritical
 .text.PendSV_Handler
                0x08006c70       0x68 CMakeFiles/TIM10RTOS.dir/Middlewares/Third_Party/FreeRTOS/Source/portable/GCC/ARM_CM4F/port.c.obj
                0x08006c70                PendSV_Handler
 .text.xPortSysTickHandler
                0x08006cd8       0x44 CMakeFiles/TIM10RTOS.dir/Middlewares/Third_Party/FreeRTOS/Source/portable/GCC/ARM_CM4F/port.c.obj
                0x08006cd8                xPortSysTickHandler
 .text.vPortSetupTimerInterrupt
                0x08006d1c       0x48 CMakeFiles/TIM10RTOS.dir/Middlewares/Third_Party/FreeRTOS/Source/portable/GCC/ARM_CM4F/port.c.obj
                0x08006d1c                vPortSetupTimerInterrupt
 .text.vPortEnableVFP
                0x08006d64       0x14 CMakeFiles/TIM10RTOS.dir/Middlewares/Third_Party/FreeRTOS/Source/portable/GCC/ARM_CM4F/port.c.obj
 .text.vPortValidateInterruptPriority
                0x08006d78       0x84 CMakeFiles/TIM10RTOS.dir/Middlewares/Third_Party/FreeRTOS/Source/portable/GCC/ARM_CM4F/port.c.obj
                0x08006d78                vPortValidateInterruptPriority
 .text.Reset_Handler
                0x08006dfc       0x50 CMakeFiles/TIM10RTOS.dir/startup_stm32f411xe.s.obj
                0x08006dfc                Reset_Handler
 .text.Default_Handler
                0x08006e4c        0x2 CMakeFiles/TIM10RTOS.dir/startup_stm32f411xe.s.obj
                0x08006e4c                RTC_Alarm_IRQHandler
                0x08006e4c                EXTI2_IRQHandler
                0x08006e4c                SPI4_IRQHandler
                0x08006e4c                TIM1_CC_IRQHandler
                0x08006e4c                DMA2_Stream5_IRQHandler
                0x08006e4c                DMA1_Stream5_IRQHandler
                0x08006e4c                PVD_IRQHandler
                0x08006e4c                SDIO_IRQHandler
                0x08006e4c                TAMP_STAMP_IRQHandler
                0x08006e4c                EXTI3_IRQHandler
                0x08006e4c                I2C3_ER_IRQHandler
                0x08006e4c                I2C2_EV_IRQHandler
                0x08006e4c                DMA1_Stream2_IRQHandler
                0x08006e4c                FPU_IRQHandler
                0x08006e4c                DMA2_Stream2_IRQHandler
                0x08006e4c                SPI1_IRQHandler
                0x08006e4c                TIM1_BRK_TIM9_IRQHandler
                0x08006e4c                DMA2_Stream3_IRQHandler
                0x08006e4c                USART6_IRQHandler
                0x08006e4c                TIM4_IRQHandler
                0x08006e4c                I2C1_EV_IRQHandler
                0x08006e4c                DMA1_Stream6_IRQHandler
                0x08006e4c                DMA1_Stream1_IRQHandler
                0x08006e4c                TIM3_IRQHandler
                0x08006e4c                RCC_IRQHandler
                0x08006e4c                Default_Handler
                0x08006e4c                EXTI15_10_IRQHandler
                0x08006e4c                DMA1_Stream7_IRQHandler
                0x08006e4c                SPI5_IRQHandler
                0x08006e4c                TIM5_IRQHandler
                0x08006e4c                DMA2_Stream7_IRQHandler
                0x08006e4c                I2C3_EV_IRQHandler
                0x08006e4c                EXTI9_5_IRQHandler
                0x08006e4c                RTC_WKUP_IRQHandler
                0x08006e4c                SPI2_IRQHandler
                0x08006e4c                DMA1_Stream0_IRQHandler
                0x08006e4c                EXTI4_IRQHandler
                0x08006e4c                WWDG_IRQHandler
                0x08006e4c                OTG_FS_WKUP_IRQHandler
                0x08006e4c                TIM1_TRG_COM_TIM11_IRQHandler
                0x08006e4c                EXTI1_IRQHandler
                0x08006e4c                USART2_IRQHandler
                0x08006e4c                I2C2_ER_IRQHandler
                0x08006e4c                DMA2_Stream1_IRQHandler
                0x08006e4c                FLASH_IRQHandler
                0x08006e4c                DMA2_Stream4_IRQHandler
                0x08006e4c                USART1_IRQHandler
                0x08006e4c                OTG_FS_IRQHandler
                0x08006e4c                SPI3_IRQHandler
                0x08006e4c                DMA1_Stream4_IRQHandler
                0x08006e4c                I2C1_ER_IRQHandler
                0x08006e4c                DMA2_Stream6_IRQHandler
                0x08006e4c                DMA1_Stream3_IRQHandler
 .text.memcpy   0x08006e4e       0x1c C:/ST/STM32CubeCLT_1.16.0/GNU-tools-for-STM32/bin/../lib/gcc/arm-none-eabi/12.3.1/../../../../arm-none-eabi/lib/thumb/v7e-m+fp/hard\libg_nano.a(libc_a-memcpy-stub.o)
                0x08006e4e                memcpy
 *(.glue_7)
 .glue_7        0x08006e6a        0x0 linker stubs
 *(.glue_7t)
 .glue_7t       0x08006e6a        0x0 linker stubs
 *(.eh_frame)
 *fill*         0x08006e6a        0x2 
 .eh_frame      0x08006e6c        0x0 C:/ST/STM32CubeCLT_1.16.0/GNU-tools-for-STM32/bin/../lib/gcc/arm-none-eabi/12.3.1/thumb/v7e-m+fp/hard/crtbegin.o
 *(.init)
 .init          0x08006e6c        0x4 C:/ST/STM32CubeCLT_1.16.0/GNU-tools-for-STM32/bin/../lib/gcc/arm-none-eabi/12.3.1/thumb/v7e-m+fp/hard/crti.o
                0x08006e6c                _init
 .init          0x08006e70        0x8 C:/ST/STM32CubeCLT_1.16.0/GNU-tools-for-STM32/bin/../lib/gcc/arm-none-eabi/12.3.1/thumb/v7e-m+fp/hard/crtn.o
 *(.fini)
 .fini          0x08006e78        0x4 C:/ST/STM32CubeCLT_1.16.0/GNU-tools-for-STM32/bin/../lib/gcc/arm-none-eabi/12.3.1/thumb/v7e-m+fp/hard/crti.o
                0x08006e78                _fini
 .fini          0x08006e7c        0x8 C:/ST/STM32CubeCLT_1.16.0/GNU-tools-for-STM32/bin/../lib/gcc/arm-none-eabi/12.3.1/thumb/v7e-m+fp/hard/crtn.o
                0x08006e84                        . = ALIGN (0x4)
                0x08006e84                        _etext = .

.vfp11_veneer   0x08006e84        0x0
 .vfp11_veneer  0x08006e84        0x0 linker stubs

.v4_bx          0x08006e84        0x0
 .v4_bx         0x08006e84        0x0 linker stubs

.iplt           0x08006e84        0x0
 .iplt          0x08006e84        0x0 C:/ST/STM32CubeCLT_1.16.0/GNU-tools-for-STM32/bin/../lib/gcc/arm-none-eabi/12.3.1/thumb/v7e-m+fp/hard/crtbegin.o

.rodata         0x08006e84      0x130
                0x08006e84                        . = ALIGN (0x4)
 *(.rodata)
 .rodata        0x08006e84       0x31 CMakeFiles/TIM10RTOS.dir/Core/Src/main.c.obj
 *fill*         0x08006eb5        0x3 
 .rodata        0x08006eb8        0x5 CMakeFiles/TIM10RTOS.dir/Middlewares/Third_Party/FreeRTOS/Source/tasks.c.obj
 *fill*         0x08006ebd        0x3 
 .rodata        0x08006ec0        0xd CMakeFiles/TIM10RTOS.dir/Middlewares/Third_Party/FreeRTOS/Source/timers.c.obj
 *(.rodata*)
 *fill*         0x08006ecd        0x3 
 .rodata.LEDTask_attributes
                0x08006ed0       0x24 CMakeFiles/TIM10RTOS.dir/Core/Src/main.c.obj
                0x08006ed0                LEDTask_attributes
 .rodata.AN1Task_attributes
                0x08006ef4       0x24 CMakeFiles/TIM10RTOS.dir/Core/Src/main.c.obj
                0x08006ef4                AN1Task_attributes
 .rodata.AN2Task_attributes
                0x08006f18       0x24 CMakeFiles/TIM10RTOS.dir/Core/Src/main.c.obj
                0x08006f18                AN2Task_attributes
 .rodata.AN3Task_attributes
                0x08006f3c       0x24 CMakeFiles/TIM10RTOS.dir/Core/Src/main.c.obj
                0x08006f3c                AN3Task_attributes
 .rodata.AN4Task_attributes
                0x08006f60       0x24 CMakeFiles/TIM10RTOS.dir/Core/Src/main.c.obj
                0x08006f60                AN4Task_attributes
 .rodata.ANxMutex_attributes
                0x08006f84       0x10 CMakeFiles/TIM10RTOS.dir/Core/Src/main.c.obj
                0x08006f84                ANxMutex_attributes
 .rodata.flagBitshiftOffset.0
                0x08006f94        0x8 CMakeFiles/TIM10RTOS.dir/Drivers/STM32F4xx_HAL_Driver/Src/stm32f4xx_hal_dma.c.obj
 .rodata.AHBPrescTable
                0x08006f9c       0x10 CMakeFiles/TIM10RTOS.dir/Core/Src/system_stm32f4xx.c.obj
                0x08006f9c                AHBPrescTable
 .rodata.APBPrescTable
                0x08006fac        0x8 CMakeFiles/TIM10RTOS.dir/Core/Src/system_stm32f4xx.c.obj
                0x08006fac                APBPrescTable
                0x08006fb4                        . = ALIGN (0x4)

.ARM.extab
 *(.ARM.extab* .gnu.linkonce.armextab.*)

.ARM            0x08006fb4        0x8
                0x08006fb4                        __exidx_start = .
 *(.ARM.exidx*)
 .ARM.exidx     0x08006fb4        0x8 C:/ST/STM32CubeCLT_1.16.0/GNU-tools-for-STM32/bin/../lib/gcc/arm-none-eabi/12.3.1/thumb/v7e-m+fp/hard\libgcc.a(_udivmoddi4.o)
                0x08006fbc                        __exidx_end = .

.rel.dyn        0x08006fbc        0x0
 .rel.iplt      0x08006fbc        0x0 C:/ST/STM32CubeCLT_1.16.0/GNU-tools-for-STM32/bin/../lib/gcc/arm-none-eabi/12.3.1/thumb/v7e-m+fp/hard/crtbegin.o

.preinit_array  0x08006fbc        0x0
                0x08006fbc                        PROVIDE (__preinit_array_start = .)
 *(.preinit_array*)
                0x08006fbc                        PROVIDE (__preinit_array_end = .)

.init_array     0x08006fbc        0x4
                0x08006fbc                        PROVIDE (__init_array_start = .)
 *(SORT_BY_NAME(.init_array.*))
 *(.init_array*)
 .init_array    0x08006fbc        0x4 C:/ST/STM32CubeCLT_1.16.0/GNU-tools-for-STM32/bin/../lib/gcc/arm-none-eabi/12.3.1/thumb/v7e-m+fp/hard/crtbegin.o
                0x08006fc0                        PROVIDE (__init_array_end = .)

.fini_array     0x08006fc0        0x4
                [!provide]                        PROVIDE (__fini_array_start = .)
 *(SORT_BY_NAME(.fini_array.*))
 *(.fini_array*)
 .fini_array    0x08006fc0        0x4 C:/ST/STM32CubeCLT_1.16.0/GNU-tools-for-STM32/bin/../lib/gcc/arm-none-eabi/12.3.1/thumb/v7e-m+fp/hard/crtbegin.o
                [!provide]                        PROVIDE (__fini_array_end = .)
                0x08006fc4                        _sidata = LOADADDR (.data)

.data           0x20000000       0x10 load address 0x08006fc4
                0x20000000                        . = ALIGN (0x4)
                0x20000000                        _sdata = .
 *(.data)
 *(.data*)
 .data.uwTickPrio
                0x20000000        0x4 CMakeFiles/TIM10RTOS.dir/Drivers/STM32F4xx_HAL_Driver/Src/stm32f4xx_hal.c.obj
                0x20000000                uwTickPrio
 .data.uwTickFreq
                0x20000004        0x1 CMakeFiles/TIM10RTOS.dir/Drivers/STM32F4xx_HAL_Driver/Src/stm32f4xx_hal.c.obj
                0x20000004                uwTickFreq
 *fill*         0x20000005        0x3 
 .data.SystemCoreClock
                0x20000008        0x4 CMakeFiles/TIM10RTOS.dir/Core/Src/system_stm32f4xx.c.obj
                0x20000008                SystemCoreClock
 .data.uxCriticalNesting
                0x2000000c        0x4 CMakeFiles/TIM10RTOS.dir/Middlewares/Third_Party/FreeRTOS/Source/portable/GCC/ARM_CM4F/port.c.obj
                0x20000010                        . = ALIGN (0x4)
                0x20000010                        _edata = .

.igot.plt       0x20000010        0x0 load address 0x08006fd4
 .igot.plt      0x20000010        0x0 C:/ST/STM32CubeCLT_1.16.0/GNU-tools-for-STM32/bin/../lib/gcc/arm-none-eabi/12.3.1/thumb/v7e-m+fp/hard/crtbegin.o
                0x20000010                        . = ALIGN (0x4)

.bss            0x20000010     0x4af8 load address 0x08006fd4
                0x20000010                        _sbss = .
                0x20000010                        __bss_start__ = _sbss
 *(.bss)
 .bss           0x20000010       0x1c C:/ST/STM32CubeCLT_1.16.0/GNU-tools-for-STM32/bin/../lib/gcc/arm-none-eabi/12.3.1/thumb/v7e-m+fp/hard/crtbegin.o
 *(.bss*)
 .bss.hadc1     0x2000002c       0x48 CMakeFiles/TIM10RTOS.dir/Core/Src/main.c.obj
                0x2000002c                hadc1
 .bss.hdma_adc1
                0x20000074       0x60 CMakeFiles/TIM10RTOS.dir/Core/Src/main.c.obj
                0x20000074                hdma_adc1
 .bss.htim2     0x200000d4       0x48 CMakeFiles/TIM10RTOS.dir/Core/Src/main.c.obj
                0x200000d4                htim2
 .bss.LEDTaskHandle
                0x2000011c        0x4 CMakeFiles/TIM10RTOS.dir/Core/Src/main.c.obj
                0x2000011c                LEDTaskHandle
 .bss.AN1TaskHandle
                0x20000120        0x4 CMakeFiles/TIM10RTOS.dir/Core/Src/main.c.obj
                0x20000120                AN1TaskHandle
 .bss.AN2TaskHandle
                0x20000124        0x4 CMakeFiles/TIM10RTOS.dir/Core/Src/main.c.obj
                0x20000124                AN2TaskHandle
 .bss.AN3TaskHandle
                0x20000128        0x4 CMakeFiles/TIM10RTOS.dir/Core/Src/main.c.obj
                0x20000128                AN3TaskHandle
 .bss.AN4TaskHandle
                0x2000012c        0x4 CMakeFiles/TIM10RTOS.dir/Core/Src/main.c.obj
                0x2000012c                AN4TaskHandle
 .bss.ANxMutexHandle
                0x20000130        0x4 CMakeFiles/TIM10RTOS.dir/Core/Src/main.c.obj
                0x20000130                ANxMutexHandle
 .bss.BLUELED   0x20000134        0x1 CMakeFiles/TIM10RTOS.dir/Core/Src/main.c.obj
                0x20000134                BLUELED
 *fill*         0x20000135        0x3 
 .bss.AD_RES_BUFFER
                0x20000138       0x10 CMakeFiles/TIM10RTOS.dir/Core/Src/main.c.obj
                0x20000138                AD_RES_BUFFER
 .bss.ADC1IN1   0x20000148        0x2 CMakeFiles/TIM10RTOS.dir/Core/Src/main.c.obj
                0x20000148                ADC1IN1
 .bss.ADC1IN2   0x2000014a        0x2 CMakeFiles/TIM10RTOS.dir/Core/Src/main.c.obj
                0x2000014a                ADC1IN2
 .bss.ADC1IN3   0x2000014c        0x2 CMakeFiles/TIM10RTOS.dir/Core/Src/main.c.obj
                0x2000014c                ADC1IN3
 .bss.ADC1IN4   0x2000014e        0x2 CMakeFiles/TIM10RTOS.dir/Core/Src/main.c.obj
                0x2000014e                ADC1IN4
 .bss.DiffA     0x20000150        0x2 CMakeFiles/TIM10RTOS.dir/Core/Src/main.c.obj
                0x20000150                DiffA
 .bss.DiffB     0x20000152        0x2 CMakeFiles/TIM10RTOS.dir/Core/Src/main.c.obj
                0x20000152                DiffB
 .bss.voltage1  0x20000154        0x4 CMakeFiles/TIM10RTOS.dir/Core/Src/main.c.obj
                0x20000154                voltage1
 .bss.voltage2  0x20000158        0x4 CMakeFiles/TIM10RTOS.dir/Core/Src/main.c.obj
                0x20000158                voltage2
 .bss.voltage3  0x2000015c        0x4 CMakeFiles/TIM10RTOS.dir/Core/Src/main.c.obj
                0x2000015c                voltage3
 .bss.voltage4  0x20000160        0x4 CMakeFiles/TIM10RTOS.dir/Core/Src/main.c.obj
                0x20000160                voltage4
 .bss.sensorA   0x20000164        0x4 CMakeFiles/TIM10RTOS.dir/Core/Src/main.c.obj
                0x20000164                sensorA
 .bss.sensorB   0x20000168        0x4 CMakeFiles/TIM10RTOS.dir/Core/Src/main.c.obj
                0x20000168                sensorB
 .bss.htim10    0x2000016c       0x48 CMakeFiles/TIM10RTOS.dir/Core/Src/stm32f4xx_hal_timebase_tim.c.obj
                0x2000016c                htim10
 .bss.uwTick    0x200001b4        0x4 CMakeFiles/TIM10RTOS.dir/Drivers/STM32F4xx_HAL_Driver/Src/stm32f4xx_hal.c.obj
                0x200001b4                uwTick
 .bss.xQueueRegistry
                0x200001b8       0x40 CMakeFiles/TIM10RTOS.dir/Middlewares/Third_Party/FreeRTOS/Source/queue.c.obj
                0x200001b8                xQueueRegistry
 .bss.pxCurrentTCB
                0x200001f8        0x4 CMakeFiles/TIM10RTOS.dir/Middlewares/Third_Party/FreeRTOS/Source/tasks.c.obj
                0x200001f8                pxCurrentTCB
 .bss.pxReadyTasksLists
                0x200001fc      0x460 CMakeFiles/TIM10RTOS.dir/Middlewares/Third_Party/FreeRTOS/Source/tasks.c.obj
 .bss.xDelayedTaskList1
                0x2000065c       0x14 CMakeFiles/TIM10RTOS.dir/Middlewares/Third_Party/FreeRTOS/Source/tasks.c.obj
 .bss.xDelayedTaskList2
                0x20000670       0x14 CMakeFiles/TIM10RTOS.dir/Middlewares/Third_Party/FreeRTOS/Source/tasks.c.obj
 .bss.pxDelayedTaskList
                0x20000684        0x4 CMakeFiles/TIM10RTOS.dir/Middlewares/Third_Party/FreeRTOS/Source/tasks.c.obj
 .bss.pxOverflowDelayedTaskList
                0x20000688        0x4 CMakeFiles/TIM10RTOS.dir/Middlewares/Third_Party/FreeRTOS/Source/tasks.c.obj
 .bss.xPendingReadyList
                0x2000068c       0x14 CMakeFiles/TIM10RTOS.dir/Middlewares/Third_Party/FreeRTOS/Source/tasks.c.obj
 .bss.xTasksWaitingTermination
                0x200006a0       0x14 CMakeFiles/TIM10RTOS.dir/Middlewares/Third_Party/FreeRTOS/Source/tasks.c.obj
 .bss.uxDeletedTasksWaitingCleanUp
                0x200006b4        0x4 CMakeFiles/TIM10RTOS.dir/Middlewares/Third_Party/FreeRTOS/Source/tasks.c.obj
 .bss.xSuspendedTaskList
                0x200006b8       0x14 CMakeFiles/TIM10RTOS.dir/Middlewares/Third_Party/FreeRTOS/Source/tasks.c.obj
 .bss.uxCurrentNumberOfTasks
                0x200006cc        0x4 CMakeFiles/TIM10RTOS.dir/Middlewares/Third_Party/FreeRTOS/Source/tasks.c.obj
 .bss.xTickCount
                0x200006d0        0x4 CMakeFiles/TIM10RTOS.dir/Middlewares/Third_Party/FreeRTOS/Source/tasks.c.obj
 .bss.uxTopReadyPriority
                0x200006d4        0x4 CMakeFiles/TIM10RTOS.dir/Middlewares/Third_Party/FreeRTOS/Source/tasks.c.obj
 .bss.xSchedulerRunning
                0x200006d8        0x4 CMakeFiles/TIM10RTOS.dir/Middlewares/Third_Party/FreeRTOS/Source/tasks.c.obj
 .bss.xPendedTicks
                0x200006dc        0x4 CMakeFiles/TIM10RTOS.dir/Middlewares/Third_Party/FreeRTOS/Source/tasks.c.obj
 .bss.xYieldPending
                0x200006e0        0x4 CMakeFiles/TIM10RTOS.dir/Middlewares/Third_Party/FreeRTOS/Source/tasks.c.obj
 .bss.xNumOfOverflows
                0x200006e4        0x4 CMakeFiles/TIM10RTOS.dir/Middlewares/Third_Party/FreeRTOS/Source/tasks.c.obj
 .bss.uxTaskNumber
                0x200006e8        0x4 CMakeFiles/TIM10RTOS.dir/Middlewares/Third_Party/FreeRTOS/Source/tasks.c.obj
 .bss.xNextTaskUnblockTime
                0x200006ec        0x4 CMakeFiles/TIM10RTOS.dir/Middlewares/Third_Party/FreeRTOS/Source/tasks.c.obj
 .bss.xIdleTaskHandle
                0x200006f0        0x4 CMakeFiles/TIM10RTOS.dir/Middlewares/Third_Party/FreeRTOS/Source/tasks.c.obj
 .bss.uxSchedulerSuspended
                0x200006f4        0x4 CMakeFiles/TIM10RTOS.dir/Middlewares/Third_Party/FreeRTOS/Source/tasks.c.obj
 .bss.xActiveTimerList1
                0x200006f8       0x14 CMakeFiles/TIM10RTOS.dir/Middlewares/Third_Party/FreeRTOS/Source/timers.c.obj
 .bss.xActiveTimerList2
                0x2000070c       0x14 CMakeFiles/TIM10RTOS.dir/Middlewares/Third_Party/FreeRTOS/Source/timers.c.obj
 .bss.pxCurrentTimerList
                0x20000720        0x4 CMakeFiles/TIM10RTOS.dir/Middlewares/Third_Party/FreeRTOS/Source/timers.c.obj
 .bss.pxOverflowTimerList
                0x20000724        0x4 CMakeFiles/TIM10RTOS.dir/Middlewares/Third_Party/FreeRTOS/Source/timers.c.obj
 .bss.xTimerQueue
                0x20000728        0x4 CMakeFiles/TIM10RTOS.dir/Middlewares/Third_Party/FreeRTOS/Source/timers.c.obj
 .bss.xTimerTaskHandle
                0x2000072c        0x4 CMakeFiles/TIM10RTOS.dir/Middlewares/Third_Party/FreeRTOS/Source/timers.c.obj
 .bss.xLastTime.2
                0x20000730        0x4 CMakeFiles/TIM10RTOS.dir/Middlewares/Third_Party/FreeRTOS/Source/timers.c.obj
 .bss.ucStaticTimerQueueStorage.1
                0x20000734       0xa0 CMakeFiles/TIM10RTOS.dir/Middlewares/Third_Party/FreeRTOS/Source/timers.c.obj
 .bss.xStaticTimerQueue.0
                0x200007d4       0x50 CMakeFiles/TIM10RTOS.dir/Middlewares/Third_Party/FreeRTOS/Source/timers.c.obj
 .bss.KernelState
                0x20000824        0x4 CMakeFiles/TIM10RTOS.dir/Middlewares/Third_Party/FreeRTOS/Source/CMSIS_RTOS_V2/cmsis_os2.c.obj
 .bss.Idle_TCB.3
                0x20000828       0x5c CMakeFiles/TIM10RTOS.dir/Middlewares/Third_Party/FreeRTOS/Source/CMSIS_RTOS_V2/cmsis_os2.c.obj
 .bss.Idle_Stack.2
                0x20000884      0x200 CMakeFiles/TIM10RTOS.dir/Middlewares/Third_Party/FreeRTOS/Source/CMSIS_RTOS_V2/cmsis_os2.c.obj
 .bss.Timer_TCB.1
                0x20000a84       0x5c CMakeFiles/TIM10RTOS.dir/Middlewares/Third_Party/FreeRTOS/Source/CMSIS_RTOS_V2/cmsis_os2.c.obj
 .bss.Timer_Stack.0
                0x20000ae0      0x400 CMakeFiles/TIM10RTOS.dir/Middlewares/Third_Party/FreeRTOS/Source/CMSIS_RTOS_V2/cmsis_os2.c.obj
 .bss.ucHeap    0x20000ee0     0x3c00 CMakeFiles/TIM10RTOS.dir/Middlewares/Third_Party/FreeRTOS/Source/portable/MemMang/heap_4.c.obj
 .bss.xStart    0x20004ae0        0x8 CMakeFiles/TIM10RTOS.dir/Middlewares/Third_Party/FreeRTOS/Source/portable/MemMang/heap_4.c.obj
 .bss.pxEnd     0x20004ae8        0x4 CMakeFiles/TIM10RTOS.dir/Middlewares/Third_Party/FreeRTOS/Source/portable/MemMang/heap_4.c.obj
 .bss.xFreeBytesRemaining
                0x20004aec        0x4 CMakeFiles/TIM10RTOS.dir/Middlewares/Third_Party/FreeRTOS/Source/portable/MemMang/heap_4.c.obj
 .bss.xMinimumEverFreeBytesRemaining
                0x20004af0        0x4 CMakeFiles/TIM10RTOS.dir/Middlewares/Third_Party/FreeRTOS/Source/portable/MemMang/heap_4.c.obj
 .bss.xNumberOfSuccessfulAllocations
                0x20004af4        0x4 CMakeFiles/TIM10RTOS.dir/Middlewares/Third_Party/FreeRTOS/Source/portable/MemMang/heap_4.c.obj
 .bss.xNumberOfSuccessfulFrees
                0x20004af8        0x4 CMakeFiles/TIM10RTOS.dir/Middlewares/Third_Party/FreeRTOS/Source/portable/MemMang/heap_4.c.obj
 .bss.xBlockAllocatedBit
                0x20004afc        0x4 CMakeFiles/TIM10RTOS.dir/Middlewares/Third_Party/FreeRTOS/Source/portable/MemMang/heap_4.c.obj
 .bss.ucMaxSysCallPriority
                0x20004b00        0x1 CMakeFiles/TIM10RTOS.dir/Middlewares/Third_Party/FreeRTOS/Source/portable/GCC/ARM_CM4F/port.c.obj
 *fill*         0x20004b01        0x3 
 .bss.ulMaxPRIGROUPValue
                0x20004b04        0x4 CMakeFiles/TIM10RTOS.dir/Middlewares/Third_Party/FreeRTOS/Source/portable/GCC/ARM_CM4F/port.c.obj
 *(COMMON)
                0x20004b08                        . = ALIGN (0x4)
                0x20004b08                        _ebss = .
                0x20004b08                        __bss_end__ = _ebss

._user_heap_stack
                0x20004b08      0x600 load address 0x08006fd4
                0x20004b08                        . = ALIGN (0x8)
                [!provide]                        PROVIDE (end = .)
                0x20004b08                        PROVIDE (_end = .)
                0x20004d08                        . = (. + _Min_Heap_Size)
 *fill*         0x20004b08      0x200 
                0x20005108                        . = (. + _Min_Stack_Size)
 *fill*         0x20004d08      0x400 
                0x20005108                        . = ALIGN (0x8)

/DISCARD/
 libc.a(*)
 libm.a(*)
 libgcc.a(*)

.ARM.attributes
                0x00000000       0x30
 *(.ARM.attributes)
 .ARM.attributes
                0x00000000       0x22 C:/ST/STM32CubeCLT_1.16.0/GNU-tools-for-STM32/bin/../lib/gcc/arm-none-eabi/12.3.1/thumb/v7e-m+fp/hard/crti.o
 .ARM.attributes
                0x00000022       0x34 C:/ST/STM32CubeCLT_1.16.0/GNU-tools-for-STM32/bin/../lib/gcc/arm-none-eabi/12.3.1/thumb/v7e-m+fp/hard/crtbegin.o
 .ARM.attributes
                0x00000056       0x34 C:/ST/STM32CubeCLT_1.16.0/GNU-tools-for-STM32/bin/../lib/gcc/arm-none-eabi/12.3.1/../../../../arm-none-eabi/lib/thumb/v7e-m+fp/hard\libc_nano.a(libc_a-memset.o)
 .ARM.attributes
                0x0000008a       0x34 C:/ST/STM32CubeCLT_1.16.0/GNU-tools-for-STM32/bin/../lib/gcc/arm-none-eabi/12.3.1/../../../../arm-none-eabi/lib/thumb/v7e-m+fp/hard\libc_nano.a(libc_a-init.o)
 .ARM.attributes
                0x000000be       0x34 CMakeFiles/TIM10RTOS.dir/Core/Src/main.c.obj
 .ARM.attributes
                0x000000f2       0x34 CMakeFiles/TIM10RTOS.dir/Core/Src/stm32f4xx_it.c.obj
 .ARM.attributes
                0x00000126       0x34 CMakeFiles/TIM10RTOS.dir/Core/Src/stm32f4xx_hal_msp.c.obj
 .ARM.attributes
                0x0000015a       0x34 CMakeFiles/TIM10RTOS.dir/Core/Src/stm32f4xx_hal_timebase_tim.c.obj
 .ARM.attributes
                0x0000018e       0x34 CMakeFiles/TIM10RTOS.dir/Drivers/STM32F4xx_HAL_Driver/Src/stm32f4xx_hal_adc.c.obj
 .ARM.attributes
                0x000001c2       0x34 CMakeFiles/TIM10RTOS.dir/Drivers/STM32F4xx_HAL_Driver/Src/stm32f4xx_hal_adc_ex.c.obj
 .ARM.attributes
                0x000001f6       0x34 CMakeFiles/TIM10RTOS.dir/Drivers/STM32F4xx_HAL_Driver/Src/stm32f4xx_hal_rcc.c.obj
 .ARM.attributes
                0x0000022a       0x34 CMakeFiles/TIM10RTOS.dir/Drivers/STM32F4xx_HAL_Driver/Src/stm32f4xx_hal_gpio.c.obj
 .ARM.attributes
                0x0000025e       0x34 CMakeFiles/TIM10RTOS.dir/Drivers/STM32F4xx_HAL_Driver/Src/stm32f4xx_hal_dma.c.obj
 .ARM.attributes
                0x00000292       0x34 CMakeFiles/TIM10RTOS.dir/Drivers/STM32F4xx_HAL_Driver/Src/stm32f4xx_hal_cortex.c.obj
 .ARM.attributes
                0x000002c6       0x34 CMakeFiles/TIM10RTOS.dir/Drivers/STM32F4xx_HAL_Driver/Src/stm32f4xx_hal.c.obj
 .ARM.attributes
                0x000002fa       0x34 CMakeFiles/TIM10RTOS.dir/Drivers/STM32F4xx_HAL_Driver/Src/stm32f4xx_hal_tim.c.obj
 .ARM.attributes
                0x0000032e       0x34 CMakeFiles/TIM10RTOS.dir/Drivers/STM32F4xx_HAL_Driver/Src/stm32f4xx_hal_tim_ex.c.obj
 .ARM.attributes
                0x00000362       0x34 CMakeFiles/TIM10RTOS.dir/Core/Src/system_stm32f4xx.c.obj
 .ARM.attributes
                0x00000396       0x34 CMakeFiles/TIM10RTOS.dir/Middlewares/Third_Party/FreeRTOS/Source/list.c.obj
 .ARM.attributes
                0x000003ca       0x34 CMakeFiles/TIM10RTOS.dir/Middlewares/Third_Party/FreeRTOS/Source/queue.c.obj
 .ARM.attributes
                0x000003fe       0x34 CMakeFiles/TIM10RTOS.dir/Middlewares/Third_Party/FreeRTOS/Source/tasks.c.obj
 .ARM.attributes
                0x00000432       0x34 CMakeFiles/TIM10RTOS.dir/Middlewares/Third_Party/FreeRTOS/Source/timers.c.obj
 .ARM.attributes
                0x00000466       0x34 CMakeFiles/TIM10RTOS.dir/Middlewares/Third_Party/FreeRTOS/Source/CMSIS_RTOS_V2/cmsis_os2.c.obj
 .ARM.attributes
                0x0000049a       0x34 CMakeFiles/TIM10RTOS.dir/Middlewares/Third_Party/FreeRTOS/Source/portable/MemMang/heap_4.c.obj
 .ARM.attributes
                0x000004ce       0x34 CMakeFiles/TIM10RTOS.dir/Middlewares/Third_Party/FreeRTOS/Source/portable/GCC/ARM_CM4F/port.c.obj
 .ARM.attributes
                0x00000502       0x21 CMakeFiles/TIM10RTOS.dir/startup_stm32f411xe.s.obj
 .ARM.attributes
                0x00000523       0x22 C:/ST/STM32CubeCLT_1.16.0/GNU-tools-for-STM32/bin/../lib/gcc/arm-none-eabi/12.3.1/thumb/v7e-m+fp/hard\libgcc.a(_arm_addsubdf3.o)
 .ARM.attributes
                0x00000545       0x22 C:/ST/STM32CubeCLT_1.16.0/GNU-tools-for-STM32/bin/../lib/gcc/arm-none-eabi/12.3.1/thumb/v7e-m+fp/hard\libgcc.a(_arm_muldivdf3.o)
 .ARM.attributes
                0x00000567       0x22 C:/ST/STM32CubeCLT_1.16.0/GNU-tools-for-STM32/bin/../lib/gcc/arm-none-eabi/12.3.1/thumb/v7e-m+fp/hard\libgcc.a(_arm_truncdfsf2.o)
 .ARM.attributes
                0x00000589       0x22 C:/ST/STM32CubeCLT_1.16.0/GNU-tools-for-STM32/bin/../lib/gcc/arm-none-eabi/12.3.1/thumb/v7e-m+fp/hard\libgcc.a(_aeabi_uldivmod.o)
 .ARM.attributes
                0x000005ab       0x34 C:/ST/STM32CubeCLT_1.16.0/GNU-tools-for-STM32/bin/../lib/gcc/arm-none-eabi/12.3.1/thumb/v7e-m+fp/hard\libgcc.a(_udivmoddi4.o)
 .ARM.attributes
                0x000005df       0x22 C:/ST/STM32CubeCLT_1.16.0/GNU-tools-for-STM32/bin/../lib/gcc/arm-none-eabi/12.3.1/thumb/v7e-m+fp/hard\libgcc.a(_dvmd_tls.o)
 .ARM.attributes
                0x00000601       0x34 C:/ST/STM32CubeCLT_1.16.0/GNU-tools-for-STM32/bin/../lib/gcc/arm-none-eabi/12.3.1/../../../../arm-none-eabi/lib/thumb/v7e-m+fp/hard\libg_nano.a(libc_a-memcpy-stub.o)
 .ARM.attributes
                0x00000635       0x22 C:/ST/STM32CubeCLT_1.16.0/GNU-tools-for-STM32/bin/../lib/gcc/arm-none-eabi/12.3.1/thumb/v7e-m+fp/hard/crtn.o
OUTPUT(TIM10RTOS.elf elf32-littlearm)
LOAD linker stubs
LOAD C:/ST/STM32CubeCLT_1.16.0/GNU-tools-for-STM32/bin/../lib/gcc/arm-none-eabi/12.3.1/../../../../arm-none-eabi/lib/thumb/v7e-m+fp/hard\libc.a
LOAD C:/ST/STM32CubeCLT_1.16.0/GNU-tools-for-STM32/bin/../lib/gcc/arm-none-eabi/12.3.1/../../../../arm-none-eabi/lib/thumb/v7e-m+fp/hard\libm.a
LOAD C:/ST/STM32CubeCLT_1.16.0/GNU-tools-for-STM32/bin/../lib/gcc/arm-none-eabi/12.3.1/thumb/v7e-m+fp/hard\libgcc.a

.debug_frame    0x00000000     0x5550
 .debug_frame   0x00000000       0x20 C:/ST/STM32CubeCLT_1.16.0/GNU-tools-for-STM32/bin/../lib/gcc/arm-none-eabi/12.3.1/../../../../arm-none-eabi/lib/thumb/v7e-m+fp/hard\libc_nano.a(libc_a-memset.o)
 .debug_frame   0x00000020       0x2c C:/ST/STM32CubeCLT_1.16.0/GNU-tools-for-STM32/bin/../lib/gcc/arm-none-eabi/12.3.1/../../../../arm-none-eabi/lib/thumb/v7e-m+fp/hard\libc_nano.a(libc_a-init.o)
 .debug_frame   0x0000004c      0x1bc CMakeFiles/TIM10RTOS.dir/Core/Src/main.c.obj
 .debug_frame   0x00000208      0x15c CMakeFiles/TIM10RTOS.dir/Core/Src/stm32f4xx_it.c.obj
 .debug_frame   0x00000364       0xc4 CMakeFiles/TIM10RTOS.dir/Core/Src/stm32f4xx_hal_msp.c.obj
 .debug_frame   0x00000428       0x74 CMakeFiles/TIM10RTOS.dir/Core/Src/stm32f4xx_hal_timebase_tim.c.obj
 .debug_frame   0x0000049c      0x3fc CMakeFiles/TIM10RTOS.dir/Drivers/STM32F4xx_HAL_Driver/Src/stm32f4xx_hal_adc.c.obj
 .debug_frame   0x00000898      0x250 CMakeFiles/TIM10RTOS.dir/Drivers/STM32F4xx_HAL_Driver/Src/stm32f4xx_hal_adc_ex.c.obj
 .debug_frame   0x00000ae8      0x1f4 CMakeFiles/TIM10RTOS.dir/Drivers/STM32F4xx_HAL_Driver/Src/stm32f4xx_hal_rcc.c.obj
 .debug_frame   0x00000cdc      0x14c CMakeFiles/TIM10RTOS.dir/Drivers/STM32F4xx_HAL_Driver/Src/stm32f4xx_hal_gpio.c.obj
 .debug_frame   0x00000e28      0x250 CMakeFiles/TIM10RTOS.dir/Drivers/STM32F4xx_HAL_Driver/Src/stm32f4xx_hal_dma.c.obj
 .debug_frame   0x00001078      0x508 CMakeFiles/TIM10RTOS.dir/Drivers/STM32F4xx_HAL_Driver/Src/stm32f4xx_hal_cortex.c.obj
 .debug_frame   0x00001580      0x374 CMakeFiles/TIM10RTOS.dir/Drivers/STM32F4xx_HAL_Driver/Src/stm32f4xx_hal.c.obj
 .debug_frame   0x000018f4     0x11b8 CMakeFiles/TIM10RTOS.dir/Drivers/STM32F4xx_HAL_Driver/Src/stm32f4xx_hal_tim.c.obj
 .debug_frame   0x00002aac      0x638 CMakeFiles/TIM10RTOS.dir/Drivers/STM32F4xx_HAL_Driver/Src/stm32f4xx_hal_tim_ex.c.obj
 .debug_frame   0x000030e4       0x58 CMakeFiles/TIM10RTOS.dir/Core/Src/system_stm32f4xx.c.obj
 .debug_frame   0x0000313c       0xd8 CMakeFiles/TIM10RTOS.dir/Middlewares/Third_Party/FreeRTOS/Source/list.c.obj
 .debug_frame   0x00003214      0x5ec CMakeFiles/TIM10RTOS.dir/Middlewares/Third_Party/FreeRTOS/Source/queue.c.obj
 .debug_frame   0x00003800      0x8f0 CMakeFiles/TIM10RTOS.dir/Middlewares/Third_Party/FreeRTOS/Source/tasks.c.obj
 .debug_frame   0x000040f0      0x400 CMakeFiles/TIM10RTOS.dir/Middlewares/Third_Party/FreeRTOS/Source/timers.c.obj
 .debug_frame   0x000044f0      0xbe4 CMakeFiles/TIM10RTOS.dir/Middlewares/Third_Party/FreeRTOS/Source/CMSIS_RTOS_V2/cmsis_os2.c.obj
 .debug_frame   0x000050d4      0x12c CMakeFiles/TIM10RTOS.dir/Middlewares/Third_Party/FreeRTOS/Source/portable/MemMang/heap_4.c.obj
 .debug_frame   0x00005200      0x1a8 CMakeFiles/TIM10RTOS.dir/Middlewares/Third_Party/FreeRTOS/Source/portable/GCC/ARM_CM4F/port.c.obj
 .debug_frame   0x000053a8       0xac C:/ST/STM32CubeCLT_1.16.0/GNU-tools-for-STM32/bin/../lib/gcc/arm-none-eabi/12.3.1/thumb/v7e-m+fp/hard\libgcc.a(_arm_addsubdf3.o)
 .debug_frame   0x00005454       0x50 C:/ST/STM32CubeCLT_1.16.0/GNU-tools-for-STM32/bin/../lib/gcc/arm-none-eabi/12.3.1/thumb/v7e-m+fp/hard\libgcc.a(_arm_muldivdf3.o)
 .debug_frame   0x000054a4       0x24 C:/ST/STM32CubeCLT_1.16.0/GNU-tools-for-STM32/bin/../lib/gcc/arm-none-eabi/12.3.1/thumb/v7e-m+fp/hard\libgcc.a(_arm_truncdfsf2.o)
 .debug_frame   0x000054c8       0x2c C:/ST/STM32CubeCLT_1.16.0/GNU-tools-for-STM32/bin/../lib/gcc/arm-none-eabi/12.3.1/thumb/v7e-m+fp/hard\libgcc.a(_aeabi_uldivmod.o)
 .debug_frame   0x000054f4       0x34 C:/ST/STM32CubeCLT_1.16.0/GNU-tools-for-STM32/bin/../lib/gcc/arm-none-eabi/12.3.1/thumb/v7e-m+fp/hard\libgcc.a(_udivmoddi4.o)
 .debug_frame   0x00005528       0x28 C:/ST/STM32CubeCLT_1.16.0/GNU-tools-for-STM32/bin/../lib/gcc/arm-none-eabi/12.3.1/../../../../arm-none-eabi/lib/thumb/v7e-m+fp/hard\libg_nano.a(libc_a-memcpy-stub.o)

.debug_info     0x00000000    0x16218
 .debug_info    0x00000000     0x1908 CMakeFiles/TIM10RTOS.dir/Core/Src/main.c.obj
 .debug_info    0x00001908      0xa92 CMakeFiles/TIM10RTOS.dir/Core/Src/stm32f4xx_it.c.obj
 .debug_info    0x0000239a      0xf2e CMakeFiles/TIM10RTOS.dir/Core/Src/stm32f4xx_hal_msp.c.obj
 .debug_info    0x000032c8      0xb75 CMakeFiles/TIM10RTOS.dir/Core/Src/stm32f4xx_hal_timebase_tim.c.obj
 .debug_info    0x00003e3d      0xcd1 CMakeFiles/TIM10RTOS.dir/Drivers/STM32F4xx_HAL_Driver/Src/stm32f4xx_hal_adc.c.obj
 .debug_info    0x00004b0e      0xb56 CMakeFiles/TIM10RTOS.dir/Drivers/STM32F4xx_HAL_Driver/Src/stm32f4xx_hal_adc_ex.c.obj
 .debug_info    0x00005664      0x8f0 CMakeFiles/TIM10RTOS.dir/Drivers/STM32F4xx_HAL_Driver/Src/stm32f4xx_hal_rcc.c.obj
 .debug_info    0x00005f54      0x6f9 CMakeFiles/TIM10RTOS.dir/Drivers/STM32F4xx_HAL_Driver/Src/stm32f4xx_hal_gpio.c.obj
 .debug_info    0x0000664d      0x8e6 CMakeFiles/TIM10RTOS.dir/Drivers/STM32F4xx_HAL_Driver/Src/stm32f4xx_hal_dma.c.obj
 .debug_info    0x00006f33      0xcfc CMakeFiles/TIM10RTOS.dir/Drivers/STM32F4xx_HAL_Driver/Src/stm32f4xx_hal_cortex.c.obj
 .debug_info    0x00007c2f      0x8c4 CMakeFiles/TIM10RTOS.dir/Drivers/STM32F4xx_HAL_Driver/Src/stm32f4xx_hal.c.obj
 .debug_info    0x000084f3     0x2996 CMakeFiles/TIM10RTOS.dir/Drivers/STM32F4xx_HAL_Driver/Src/stm32f4xx_hal_tim.c.obj
 .debug_info    0x0000ae89     0x14d4 CMakeFiles/TIM10RTOS.dir/Drivers/STM32F4xx_HAL_Driver/Src/stm32f4xx_hal_tim_ex.c.obj
 .debug_info    0x0000c35d      0x53e CMakeFiles/TIM10RTOS.dir/Core/Src/system_stm32f4xx.c.obj
 .debug_info    0x0000c89b      0x2af CMakeFiles/TIM10RTOS.dir/Middlewares/Third_Party/FreeRTOS/Source/list.c.obj
 .debug_info    0x0000cb4a     0x1b79 CMakeFiles/TIM10RTOS.dir/Middlewares/Third_Party/FreeRTOS/Source/queue.c.obj
 .debug_info    0x0000e6c3     0x21ec CMakeFiles/TIM10RTOS.dir/Middlewares/Third_Party/FreeRTOS/Source/tasks.c.obj
 .debug_info    0x000108af     0x1488 CMakeFiles/TIM10RTOS.dir/Middlewares/Third_Party/FreeRTOS/Source/timers.c.obj
 .debug_info    0x00011d37     0x39dd CMakeFiles/TIM10RTOS.dir/Middlewares/Third_Party/FreeRTOS/Source/CMSIS_RTOS_V2/cmsis_os2.c.obj
 .debug_info    0x00015714      0x4d5 CMakeFiles/TIM10RTOS.dir/Middlewares/Third_Party/FreeRTOS/Source/portable/MemMang/heap_4.c.obj
 .debug_info    0x00015be9      0x4de CMakeFiles/TIM10RTOS.dir/Middlewares/Third_Party/FreeRTOS/Source/portable/GCC/ARM_CM4F/port.c.obj
 .debug_info    0x000160c7       0x30 CMakeFiles/TIM10RTOS.dir/startup_stm32f411xe.s.obj
 .debug_info    0x000160f7      0x121 C:/ST/STM32CubeCLT_1.16.0/GNU-tools-for-STM32/bin/../lib/gcc/arm-none-eabi/12.3.1/../../../../arm-none-eabi/lib/thumb/v7e-m+fp/hard\libg_nano.a(libc_a-memcpy-stub.o)

.debug_abbrev   0x00000000     0x3568
 .debug_abbrev  0x00000000      0x2d9 CMakeFiles/TIM10RTOS.dir/Core/Src/main.c.obj
 .debug_abbrev  0x000002d9      0x1eb CMakeFiles/TIM10RTOS.dir/Core/Src/stm32f4xx_it.c.obj
 .debug_abbrev  0x000004c4      0x215 CMakeFiles/TIM10RTOS.dir/Core/Src/stm32f4xx_hal_msp.c.obj
 .debug_abbrev  0x000006d9      0x207 CMakeFiles/TIM10RTOS.dir/Core/Src/stm32f4xx_hal_timebase_tim.c.obj
 .debug_abbrev  0x000008e0      0x20e CMakeFiles/TIM10RTOS.dir/Drivers/STM32F4xx_HAL_Driver/Src/stm32f4xx_hal_adc.c.obj
 .debug_abbrev  0x00000aee      0x22c CMakeFiles/TIM10RTOS.dir/Drivers/STM32F4xx_HAL_Driver/Src/stm32f4xx_hal_adc_ex.c.obj
 .debug_abbrev  0x00000d1a      0x2b6 CMakeFiles/TIM10RTOS.dir/Drivers/STM32F4xx_HAL_Driver/Src/stm32f4xx_hal_rcc.c.obj
 .debug_abbrev  0x00000fd0      0x1d3 CMakeFiles/TIM10RTOS.dir/Drivers/STM32F4xx_HAL_Driver/Src/stm32f4xx_hal_gpio.c.obj
 .debug_abbrev  0x000011a3      0x221 CMakeFiles/TIM10RTOS.dir/Drivers/STM32F4xx_HAL_Driver/Src/stm32f4xx_hal_dma.c.obj
 .debug_abbrev  0x000013c4      0x31d CMakeFiles/TIM10RTOS.dir/Drivers/STM32F4xx_HAL_Driver/Src/stm32f4xx_hal_cortex.c.obj
 .debug_abbrev  0x000016e1      0x24b CMakeFiles/TIM10RTOS.dir/Drivers/STM32F4xx_HAL_Driver/Src/stm32f4xx_hal.c.obj
 .debug_abbrev  0x0000192c      0x28b CMakeFiles/TIM10RTOS.dir/Drivers/STM32F4xx_HAL_Driver/Src/stm32f4xx_hal_tim.c.obj
 .debug_abbrev  0x00001bb7      0x296 CMakeFiles/TIM10RTOS.dir/Drivers/STM32F4xx_HAL_Driver/Src/stm32f4xx_hal_tim_ex.c.obj
 .debug_abbrev  0x00001e4d      0x11a CMakeFiles/TIM10RTOS.dir/Core/Src/system_stm32f4xx.c.obj
 .debug_abbrev  0x00001f67       0xf5 CMakeFiles/TIM10RTOS.dir/Middlewares/Third_Party/FreeRTOS/Source/list.c.obj
 .debug_abbrev  0x0000205c      0x3b6 CMakeFiles/TIM10RTOS.dir/Middlewares/Third_Party/FreeRTOS/Source/queue.c.obj
 .debug_abbrev  0x00002412      0x386 CMakeFiles/TIM10RTOS.dir/Middlewares/Third_Party/FreeRTOS/Source/tasks.c.obj
 .debug_abbrev  0x00002798      0x352 CMakeFiles/TIM10RTOS.dir/Middlewares/Third_Party/FreeRTOS/Source/timers.c.obj
 .debug_abbrev  0x00002aea      0x520 CMakeFiles/TIM10RTOS.dir/Middlewares/Third_Party/FreeRTOS/Source/CMSIS_RTOS_V2/cmsis_os2.c.obj
 .debug_abbrev  0x0000300a      0x21d CMakeFiles/TIM10RTOS.dir/Middlewares/Third_Party/FreeRTOS/Source/portable/MemMang/heap_4.c.obj
 .debug_abbrev  0x00003227      0x25c CMakeFiles/TIM10RTOS.dir/Middlewares/Third_Party/FreeRTOS/Source/portable/GCC/ARM_CM4F/port.c.obj
 .debug_abbrev  0x00003483       0x24 CMakeFiles/TIM10RTOS.dir/startup_stm32f411xe.s.obj
 .debug_abbrev  0x000034a7       0xc1 C:/ST/STM32CubeCLT_1.16.0/GNU-tools-for-STM32/bin/../lib/gcc/arm-none-eabi/12.3.1/../../../../arm-none-eabi/lib/thumb/v7e-m+fp/hard\libg_nano.a(libc_a-memcpy-stub.o)

.debug_aranges  0x00000000     0x1430
 .debug_aranges
                0x00000000       0x80 CMakeFiles/TIM10RTOS.dir/Core/Src/main.c.obj
 .debug_aranges
                0x00000080       0x78 CMakeFiles/TIM10RTOS.dir/Core/Src/stm32f4xx_it.c.obj
 .debug_aranges
                0x000000f8       0x40 CMakeFiles/TIM10RTOS.dir/Core/Src/stm32f4xx_hal_msp.c.obj
 .debug_aranges
                0x00000138       0x30 CMakeFiles/TIM10RTOS.dir/Core/Src/stm32f4xx_hal_timebase_tim.c.obj
 .debug_aranges
                0x00000168       0xe8 CMakeFiles/TIM10RTOS.dir/Drivers/STM32F4xx_HAL_Driver/Src/stm32f4xx_hal_adc.c.obj
 .debug_aranges
                0x00000250       0x90 CMakeFiles/TIM10RTOS.dir/Drivers/STM32F4xx_HAL_Driver/Src/stm32f4xx_hal_adc_ex.c.obj
 .debug_aranges
                0x000002e0       0x88 CMakeFiles/TIM10RTOS.dir/Drivers/STM32F4xx_HAL_Driver/Src/stm32f4xx_hal_rcc.c.obj
 .debug_aranges
                0x00000368       0x58 CMakeFiles/TIM10RTOS.dir/Drivers/STM32F4xx_HAL_Driver/Src/stm32f4xx_hal_gpio.c.obj
 .debug_aranges
                0x000003c0       0x90 CMakeFiles/TIM10RTOS.dir/Drivers/STM32F4xx_HAL_Driver/Src/stm32f4xx_hal_dma.c.obj
 .debug_aranges
                0x00000450      0x130 CMakeFiles/TIM10RTOS.dir/Drivers/STM32F4xx_HAL_Driver/Src/stm32f4xx_hal_cortex.c.obj
 .debug_aranges
                0x00000580       0xf0 CMakeFiles/TIM10RTOS.dir/Drivers/STM32F4xx_HAL_Driver/Src/stm32f4xx_hal.c.obj
 .debug_aranges
                0x00000670      0x3d0 CMakeFiles/TIM10RTOS.dir/Drivers/STM32F4xx_HAL_Driver/Src/stm32f4xx_hal_tim.c.obj
 .debug_aranges
                0x00000a40      0x168 CMakeFiles/TIM10RTOS.dir/Drivers/STM32F4xx_HAL_Driver/Src/stm32f4xx_hal_tim_ex.c.obj
 .debug_aranges
                0x00000ba8       0x28 CMakeFiles/TIM10RTOS.dir/Core/Src/system_stm32f4xx.c.obj
 .debug_aranges
                0x00000bd0       0x40 CMakeFiles/TIM10RTOS.dir/Middlewares/Third_Party/FreeRTOS/Source/list.c.obj
 .debug_aranges
                0x00000c10      0x158 CMakeFiles/TIM10RTOS.dir/Middlewares/Third_Party/FreeRTOS/Source/queue.c.obj
 .debug_aranges
                0x00000d68      0x208 CMakeFiles/TIM10RTOS.dir/Middlewares/Third_Party/FreeRTOS/Source/tasks.c.obj
 .debug_aranges
                0x00000f70       0xf0 CMakeFiles/TIM10RTOS.dir/Middlewares/Third_Party/FreeRTOS/Source/timers.c.obj
 .debug_aranges
                0x00001060      0x2b0 CMakeFiles/TIM10RTOS.dir/Middlewares/Third_Party/FreeRTOS/Source/CMSIS_RTOS_V2/cmsis_os2.c.obj
 .debug_aranges
                0x00001310       0x58 CMakeFiles/TIM10RTOS.dir/Middlewares/Third_Party/FreeRTOS/Source/portable/MemMang/heap_4.c.obj
 .debug_aranges
                0x00001368       0x80 CMakeFiles/TIM10RTOS.dir/Middlewares/Third_Party/FreeRTOS/Source/portable/GCC/ARM_CM4F/port.c.obj
 .debug_aranges
                0x000013e8       0x28 CMakeFiles/TIM10RTOS.dir/startup_stm32f411xe.s.obj
 .debug_aranges
                0x00001410       0x20 C:/ST/STM32CubeCLT_1.16.0/GNU-tools-for-STM32/bin/../lib/gcc/arm-none-eabi/12.3.1/../../../../arm-none-eabi/lib/thumb/v7e-m+fp/hard\libg_nano.a(libc_a-memcpy-stub.o)

.debug_rnglists
                0x00000000      0xf91
 .debug_rnglists
                0x00000000       0x64 CMakeFiles/TIM10RTOS.dir/Core/Src/main.c.obj
 .debug_rnglists
                0x00000064       0x55 CMakeFiles/TIM10RTOS.dir/Core/Src/stm32f4xx_it.c.obj
 .debug_rnglists
                0x000000b9       0x2c CMakeFiles/TIM10RTOS.dir/Core/Src/stm32f4xx_hal_msp.c.obj
 .debug_rnglists
                0x000000e5       0x20 CMakeFiles/TIM10RTOS.dir/Core/Src/stm32f4xx_hal_timebase_tim.c.obj
 .debug_rnglists
                0x00000105       0xb5 CMakeFiles/TIM10RTOS.dir/Drivers/STM32F4xx_HAL_Driver/Src/stm32f4xx_hal_adc.c.obj
 .debug_rnglists
                0x000001ba       0x71 CMakeFiles/TIM10RTOS.dir/Drivers/STM32F4xx_HAL_Driver/Src/stm32f4xx_hal_adc_ex.c.obj
 .debug_rnglists
                0x0000022b       0x66 CMakeFiles/TIM10RTOS.dir/Drivers/STM32F4xx_HAL_Driver/Src/stm32f4xx_hal_rcc.c.obj
 .debug_rnglists
                0x00000291       0x3f CMakeFiles/TIM10RTOS.dir/Drivers/STM32F4xx_HAL_Driver/Src/stm32f4xx_hal_gpio.c.obj
 .debug_rnglists
                0x000002d0       0x70 CMakeFiles/TIM10RTOS.dir/Drivers/STM32F4xx_HAL_Driver/Src/stm32f4xx_hal_dma.c.obj
 .debug_rnglists
                0x00000340       0xe0 CMakeFiles/TIM10RTOS.dir/Drivers/STM32F4xx_HAL_Driver/Src/stm32f4xx_hal_cortex.c.obj
 .debug_rnglists
                0x00000420       0xaf CMakeFiles/TIM10RTOS.dir/Drivers/STM32F4xx_HAL_Driver/Src/stm32f4xx_hal.c.obj
 .debug_rnglists
                0x000004cf      0x31a CMakeFiles/TIM10RTOS.dir/Drivers/STM32F4xx_HAL_Driver/Src/stm32f4xx_hal_tim.c.obj
 .debug_rnglists
                0x000007e9      0x125 CMakeFiles/TIM10RTOS.dir/Drivers/STM32F4xx_HAL_Driver/Src/stm32f4xx_hal_tim_ex.c.obj
 .debug_rnglists
                0x0000090e       0x1a CMakeFiles/TIM10RTOS.dir/Core/Src/system_stm32f4xx.c.obj
 .debug_rnglists
                0x00000928       0x2b CMakeFiles/TIM10RTOS.dir/Middlewares/Third_Party/FreeRTOS/Source/list.c.obj
 .debug_rnglists
                0x00000953      0x109 CMakeFiles/TIM10RTOS.dir/Middlewares/Third_Party/FreeRTOS/Source/queue.c.obj
 .debug_rnglists
                0x00000a5c      0x1a0 CMakeFiles/TIM10RTOS.dir/Middlewares/Third_Party/FreeRTOS/Source/tasks.c.obj
 .debug_rnglists
                0x00000bfc       0xb8 CMakeFiles/TIM10RTOS.dir/Middlewares/Third_Party/FreeRTOS/Source/timers.c.obj
 .debug_rnglists
                0x00000cb4      0x212 CMakeFiles/TIM10RTOS.dir/Middlewares/Third_Party/FreeRTOS/Source/CMSIS_RTOS_V2/cmsis_os2.c.obj
 .debug_rnglists
                0x00000ec6       0x42 CMakeFiles/TIM10RTOS.dir/Middlewares/Third_Party/FreeRTOS/Source/portable/MemMang/heap_4.c.obj
 .debug_rnglists
                0x00000f08       0x5d CMakeFiles/TIM10RTOS.dir/Middlewares/Third_Party/FreeRTOS/Source/portable/GCC/ARM_CM4F/port.c.obj
 .debug_rnglists
                0x00000f65       0x19 CMakeFiles/TIM10RTOS.dir/startup_stm32f411xe.s.obj
 .debug_rnglists
                0x00000f7e       0x13 C:/ST/STM32CubeCLT_1.16.0/GNU-tools-for-STM32/bin/../lib/gcc/arm-none-eabi/12.3.1/../../../../arm-none-eabi/lib/thumb/v7e-m+fp/hard\libg_nano.a(libc_a-memcpy-stub.o)

.debug_macro    0x00000000    0x18972
 .debug_macro   0x00000000      0x28b CMakeFiles/TIM10RTOS.dir/Core/Src/main.c.obj
 .debug_macro   0x0000028b      0xab4 CMakeFiles/TIM10RTOS.dir/Core/Src/main.c.obj
 .debug_macro   0x00000d3f      0x29b CMakeFiles/TIM10RTOS.dir/Core/Src/main.c.obj
 .debug_macro   0x00000fda       0x2e CMakeFiles/TIM10RTOS.dir/Core/Src/main.c.obj
 .debug_macro   0x00001008       0x28 CMakeFiles/TIM10RTOS.dir/Core/Src/main.c.obj
 .debug_macro   0x00001030       0x22 CMakeFiles/TIM10RTOS.dir/Core/Src/main.c.obj
 .debug_macro   0x00001052       0x8e CMakeFiles/TIM10RTOS.dir/Core/Src/main.c.obj
 .debug_macro   0x000010e0       0x51 CMakeFiles/TIM10RTOS.dir/Core/Src/main.c.obj
 .debug_macro   0x00001131      0x103 CMakeFiles/TIM10RTOS.dir/Core/Src/main.c.obj
 .debug_macro   0x00001234       0x6a CMakeFiles/TIM10RTOS.dir/Core/Src/main.c.obj
 .debug_macro   0x0000129e      0x1df CMakeFiles/TIM10RTOS.dir/Core/Src/main.c.obj
 .debug_macro   0x0000147d       0x1c CMakeFiles/TIM10RTOS.dir/Core/Src/main.c.obj
 .debug_macro   0x00001499       0x22 CMakeFiles/TIM10RTOS.dir/Core/Src/main.c.obj
 .debug_macro   0x000014bb       0xfb CMakeFiles/TIM10RTOS.dir/Core/Src/main.c.obj
 .debug_macro   0x000015b6     0x1011 CMakeFiles/TIM10RTOS.dir/Core/Src/main.c.obj
 .debug_macro   0x000025c7      0x11f CMakeFiles/TIM10RTOS.dir/Core/Src/main.c.obj
 .debug_macro   0x000026e6     0xb953 CMakeFiles/TIM10RTOS.dir/Core/Src/main.c.obj
 .debug_macro   0x0000e039       0x6d CMakeFiles/TIM10RTOS.dir/Core/Src/main.c.obj
 .debug_macro   0x0000e0a6     0x369a CMakeFiles/TIM10RTOS.dir/Core/Src/main.c.obj
 .debug_macro   0x00011740      0x189 CMakeFiles/TIM10RTOS.dir/Core/Src/main.c.obj
 .debug_macro   0x000118c9       0x5c CMakeFiles/TIM10RTOS.dir/Core/Src/main.c.obj
 .debug_macro   0x00011925      0x45c CMakeFiles/TIM10RTOS.dir/Core/Src/main.c.obj
 .debug_macro   0x00011d81      0x9e9 CMakeFiles/TIM10RTOS.dir/Core/Src/main.c.obj
 .debug_macro   0x0001276a      0x115 CMakeFiles/TIM10RTOS.dir/Core/Src/main.c.obj
 .debug_macro   0x0001287f      0x11b CMakeFiles/TIM10RTOS.dir/Core/Src/main.c.obj
 .debug_macro   0x0001299a       0xa5 CMakeFiles/TIM10RTOS.dir/Core/Src/main.c.obj
 .debug_macro   0x00012a3f      0x15f CMakeFiles/TIM10RTOS.dir/Core/Src/main.c.obj
 .debug_macro   0x00012b9e      0x287 CMakeFiles/TIM10RTOS.dir/Core/Src/main.c.obj
 .debug_macro   0x00012e25       0x5f CMakeFiles/TIM10RTOS.dir/Core/Src/main.c.obj
 .debug_macro   0x00012e84      0x236 CMakeFiles/TIM10RTOS.dir/Core/Src/main.c.obj
 .debug_macro   0x000130ba      0x9e1 CMakeFiles/TIM10RTOS.dir/Core/Src/main.c.obj
 .debug_macro   0x00013a9b      0x38b CMakeFiles/TIM10RTOS.dir/Core/Src/main.c.obj
 .debug_macro   0x00013e26      0x17d CMakeFiles/TIM10RTOS.dir/Core/Src/main.c.obj
 .debug_macro   0x00013fa3       0xf9 CMakeFiles/TIM10RTOS.dir/Core/Src/main.c.obj
 .debug_macro   0x0001409c      0x132 CMakeFiles/TIM10RTOS.dir/Core/Src/main.c.obj
 .debug_macro   0x000141ce      0x264 CMakeFiles/TIM10RTOS.dir/Core/Src/main.c.obj
 .debug_macro   0x00014432       0x2e CMakeFiles/TIM10RTOS.dir/Core/Src/main.c.obj
 .debug_macro   0x00014460      0x127 CMakeFiles/TIM10RTOS.dir/Core/Src/main.c.obj
 .debug_macro   0x00014587       0x85 CMakeFiles/TIM10RTOS.dir/Core/Src/main.c.obj
 .debug_macro   0x0001460c       0x89 CMakeFiles/TIM10RTOS.dir/Core/Src/main.c.obj
 .debug_macro   0x00014695      0x8ed CMakeFiles/TIM10RTOS.dir/Core/Src/main.c.obj
 .debug_macro   0x00014f82       0x47 CMakeFiles/TIM10RTOS.dir/Core/Src/main.c.obj
 .debug_macro   0x00014fc9      0x126 CMakeFiles/TIM10RTOS.dir/Core/Src/main.c.obj
 .debug_macro   0x000150ef       0x22 CMakeFiles/TIM10RTOS.dir/Core/Src/main.c.obj
 .debug_macro   0x00015111      0x169 CMakeFiles/TIM10RTOS.dir/Core/Src/main.c.obj
 .debug_macro   0x0001527a      0x15a CMakeFiles/TIM10RTOS.dir/Core/Src/main.c.obj
 .debug_macro   0x000153d4       0xc9 CMakeFiles/TIM10RTOS.dir/Core/Src/main.c.obj
 .debug_macro   0x0001549d       0x1c CMakeFiles/TIM10RTOS.dir/Core/Src/main.c.obj
 .debug_macro   0x000154b9       0x26 CMakeFiles/TIM10RTOS.dir/Core/Src/main.c.obj
 .debug_macro   0x000154df      0x4c5 CMakeFiles/TIM10RTOS.dir/Core/Src/main.c.obj
 .debug_macro   0x000159a4       0xb5 CMakeFiles/TIM10RTOS.dir/Core/Src/main.c.obj
 .debug_macro   0x00015a59       0xaa CMakeFiles/TIM10RTOS.dir/Core/Src/main.c.obj
 .debug_macro   0x00015b03       0x66 CMakeFiles/TIM10RTOS.dir/Core/Src/main.c.obj
 .debug_macro   0x00015b69       0x74 CMakeFiles/TIM10RTOS.dir/Core/Src/main.c.obj
 .debug_macro   0x00015bdd       0xdd CMakeFiles/TIM10RTOS.dir/Core/Src/main.c.obj
 .debug_macro   0x00015cba      0x205 CMakeFiles/TIM10RTOS.dir/Core/Src/stm32f4xx_it.c.obj
 .debug_macro   0x00015ebf      0x1fb CMakeFiles/TIM10RTOS.dir/Core/Src/stm32f4xx_hal_msp.c.obj
 .debug_macro   0x000160ba      0x1ec CMakeFiles/TIM10RTOS.dir/Core/Src/stm32f4xx_hal_timebase_tim.c.obj
 .debug_macro   0x000162a6      0x1ed CMakeFiles/TIM10RTOS.dir/Drivers/STM32F4xx_HAL_Driver/Src/stm32f4xx_hal_adc.c.obj
 .debug_macro   0x00016493      0x1ec CMakeFiles/TIM10RTOS.dir/Drivers/STM32F4xx_HAL_Driver/Src/stm32f4xx_hal_adc_ex.c.obj
 .debug_macro   0x0001667f      0x210 CMakeFiles/TIM10RTOS.dir/Drivers/STM32F4xx_HAL_Driver/Src/stm32f4xx_hal_rcc.c.obj
 .debug_macro   0x0001688f      0x1f2 CMakeFiles/TIM10RTOS.dir/Drivers/STM32F4xx_HAL_Driver/Src/stm32f4xx_hal_gpio.c.obj
 .debug_macro   0x00016a81      0x1f2 CMakeFiles/TIM10RTOS.dir/Drivers/STM32F4xx_HAL_Driver/Src/stm32f4xx_hal_dma.c.obj
 .debug_macro   0x00016c73      0x1ec CMakeFiles/TIM10RTOS.dir/Drivers/STM32F4xx_HAL_Driver/Src/stm32f4xx_hal_cortex.c.obj
 .debug_macro   0x00016e5f      0x24c CMakeFiles/TIM10RTOS.dir/Drivers/STM32F4xx_HAL_Driver/Src/stm32f4xx_hal.c.obj
 .debug_macro   0x000170ab      0x1ed CMakeFiles/TIM10RTOS.dir/Drivers/STM32F4xx_HAL_Driver/Src/stm32f4xx_hal_tim.c.obj
 .debug_macro   0x00017298      0x1ec CMakeFiles/TIM10RTOS.dir/Drivers/STM32F4xx_HAL_Driver/Src/stm32f4xx_hal_tim_ex.c.obj
 .debug_macro   0x00017484      0x1ec CMakeFiles/TIM10RTOS.dir/Core/Src/system_stm32f4xx.c.obj
 .debug_macro   0x00017670      0x178 CMakeFiles/TIM10RTOS.dir/Middlewares/Third_Party/FreeRTOS/Source/list.c.obj
 .debug_macro   0x000177e8      0x207 CMakeFiles/TIM10RTOS.dir/Middlewares/Third_Party/FreeRTOS/Source/queue.c.obj
 .debug_macro   0x000179ef       0x16 CMakeFiles/TIM10RTOS.dir/Middlewares/Third_Party/FreeRTOS/Source/queue.c.obj
 .debug_macro   0x00017a05       0x35 CMakeFiles/TIM10RTOS.dir/Middlewares/Third_Party/FreeRTOS/Source/queue.c.obj
 .debug_macro   0x00017a3a       0x20 CMakeFiles/TIM10RTOS.dir/Middlewares/Third_Party/FreeRTOS/Source/queue.c.obj
 .debug_macro   0x00017a5a       0x87 CMakeFiles/TIM10RTOS.dir/Middlewares/Third_Party/FreeRTOS/Source/queue.c.obj
 .debug_macro   0x00017ae1      0x270 CMakeFiles/TIM10RTOS.dir/Middlewares/Third_Party/FreeRTOS/Source/tasks.c.obj
 .debug_macro   0x00017d51       0x10 CMakeFiles/TIM10RTOS.dir/Middlewares/Third_Party/FreeRTOS/Source/tasks.c.obj
 .debug_macro   0x00017d61      0x1cd CMakeFiles/TIM10RTOS.dir/Middlewares/Third_Party/FreeRTOS/Source/timers.c.obj
 .debug_macro   0x00017f2e       0x97 CMakeFiles/TIM10RTOS.dir/Middlewares/Third_Party/FreeRTOS/Source/timers.c.obj
 .debug_macro   0x00017fc5      0x3d4 CMakeFiles/TIM10RTOS.dir/Middlewares/Third_Party/FreeRTOS/Source/CMSIS_RTOS_V2/cmsis_os2.c.obj
 .debug_macro   0x00018399       0x10 CMakeFiles/TIM10RTOS.dir/Middlewares/Third_Party/FreeRTOS/Source/CMSIS_RTOS_V2/cmsis_os2.c.obj
 .debug_macro   0x000183a9       0xf5 CMakeFiles/TIM10RTOS.dir/Middlewares/Third_Party/FreeRTOS/Source/CMSIS_RTOS_V2/cmsis_os2.c.obj
 .debug_macro   0x0001849e       0x8d CMakeFiles/TIM10RTOS.dir/Middlewares/Third_Party/FreeRTOS/Source/CMSIS_RTOS_V2/cmsis_os2.c.obj
 .debug_macro   0x0001852b       0x9a CMakeFiles/TIM10RTOS.dir/Middlewares/Third_Party/FreeRTOS/Source/CMSIS_RTOS_V2/cmsis_os2.c.obj
 .debug_macro   0x000185c5       0x22 CMakeFiles/TIM10RTOS.dir/Middlewares/Third_Party/FreeRTOS/Source/CMSIS_RTOS_V2/cmsis_os2.c.obj
 .debug_macro   0x000185e7       0x56 CMakeFiles/TIM10RTOS.dir/Middlewares/Third_Party/FreeRTOS/Source/CMSIS_RTOS_V2/cmsis_os2.c.obj
 .debug_macro   0x0001863d      0x19f CMakeFiles/TIM10RTOS.dir/Middlewares/Third_Party/FreeRTOS/Source/portable/MemMang/heap_4.c.obj
 .debug_macro   0x000187dc      0x196 CMakeFiles/TIM10RTOS.dir/Middlewares/Third_Party/FreeRTOS/Source/portable/GCC/ARM_CM4F/port.c.obj

.debug_line     0x00000000    0x15ee2
 .debug_line    0x00000000      0xd37 CMakeFiles/TIM10RTOS.dir/Core/Src/main.c.obj
 .debug_line    0x00000d37      0x8c8 CMakeFiles/TIM10RTOS.dir/Core/Src/stm32f4xx_it.c.obj
 .debug_line    0x000015ff      0x845 CMakeFiles/TIM10RTOS.dir/Core/Src/stm32f4xx_hal_msp.c.obj
 .debug_line    0x00001e44      0x805 CMakeFiles/TIM10RTOS.dir/Core/Src/stm32f4xx_hal_timebase_tim.c.obj
 .debug_line    0x00002649     0x124d CMakeFiles/TIM10RTOS.dir/Drivers/STM32F4xx_HAL_Driver/Src/stm32f4xx_hal_adc.c.obj
 .debug_line    0x00003896      0xf83 CMakeFiles/TIM10RTOS.dir/Drivers/STM32F4xx_HAL_Driver/Src/stm32f4xx_hal_adc_ex.c.obj
 .debug_line    0x00004819      0xe0e CMakeFiles/TIM10RTOS.dir/Drivers/STM32F4xx_HAL_Driver/Src/stm32f4xx_hal_rcc.c.obj
 .debug_line    0x00005627      0xbd5 CMakeFiles/TIM10RTOS.dir/Drivers/STM32F4xx_HAL_Driver/Src/stm32f4xx_hal_gpio.c.obj
 .debug_line    0x000061fc      0xff5 CMakeFiles/TIM10RTOS.dir/Drivers/STM32F4xx_HAL_Driver/Src/stm32f4xx_hal_dma.c.obj
 .debug_line    0x000071f1      0xd77 CMakeFiles/TIM10RTOS.dir/Drivers/STM32F4xx_HAL_Driver/Src/stm32f4xx_hal_cortex.c.obj
 .debug_line    0x00007f68      0xa85 CMakeFiles/TIM10RTOS.dir/Drivers/STM32F4xx_HAL_Driver/Src/stm32f4xx_hal.c.obj
 .debug_line    0x000089ed     0x3603 CMakeFiles/TIM10RTOS.dir/Drivers/STM32F4xx_HAL_Driver/Src/stm32f4xx_hal_tim.c.obj
 .debug_line    0x0000bff0     0x1a16 CMakeFiles/TIM10RTOS.dir/Drivers/STM32F4xx_HAL_Driver/Src/stm32f4xx_hal_tim_ex.c.obj
 .debug_line    0x0000da06      0x81c CMakeFiles/TIM10RTOS.dir/Core/Src/system_stm32f4xx.c.obj
 .debug_line    0x0000e222      0x64c CMakeFiles/TIM10RTOS.dir/Middlewares/Third_Party/FreeRTOS/Source/list.c.obj
 .debug_line    0x0000e86e     0x1616 CMakeFiles/TIM10RTOS.dir/Middlewares/Third_Party/FreeRTOS/Source/queue.c.obj
 .debug_line    0x0000fe84     0x1ce8 CMakeFiles/TIM10RTOS.dir/Middlewares/Third_Party/FreeRTOS/Source/tasks.c.obj
 .debug_line    0x00011b6c      0xcd4 CMakeFiles/TIM10RTOS.dir/Middlewares/Third_Party/FreeRTOS/Source/timers.c.obj
 .debug_line    0x00012840     0x23b5 CMakeFiles/TIM10RTOS.dir/Middlewares/Third_Party/FreeRTOS/Source/CMSIS_RTOS_V2/cmsis_os2.c.obj
 .debug_line    0x00014bf5      0x877 CMakeFiles/TIM10RTOS.dir/Middlewares/Third_Party/FreeRTOS/Source/portable/MemMang/heap_4.c.obj
 .debug_line    0x0001546c      0x7fa CMakeFiles/TIM10RTOS.dir/Middlewares/Third_Party/FreeRTOS/Source/portable/GCC/ARM_CM4F/port.c.obj
 .debug_line    0x00015c66       0x7a CMakeFiles/TIM10RTOS.dir/startup_stm32f411xe.s.obj